
[WebServer] (node:20081) Warning: The 'NO_COLOR' env is ignored due to the 'FORCE_COLOR' env being set.
[WebServer] (Use `node --trace-warnings ...` to show where the warning was created)

[WebServer] (node:20092) Warning: The 'NO_COLOR' env is ignored due to the 'FORCE_COLOR' env being set.
[WebServer] (Use `node --trace-warnings ...` to show where the warning was created)

[WebServer] (node:20106) Warning: The 'NO_COLOR' env is ignored due to the 'FORCE_COLOR' env being set.
[WebServer] (Use `node --trace-warnings ...` to show where the warning was created)

[WebServer] - building client + server bundles...

[WebServer] 
[WebServer] (!) Some chunks are larger than 500 kB after minification. Consider:
[WebServer] - Using dynamic import() to code-split the application
[WebServer] - Use build.rollupOptions.output.manualChunks to improve chunking: https://rollupjs.org/configuration-options/#output-manualchunks
[WebServer] - Adjust chunk size limit for this warning via build.chunkSizeWarningLimit.

[WebServer] ✓ building client + server bundles...

[WebServer] - rendering pages...

[WebServer] ✓ rendering pages...

[WebServer] (node:20863) Warning: The 'NO_COLOR' env is ignored due to the 'FORCE_COLOR' env being set.
[WebServer] (Use `node --trace-warnings ...` to show where the warning was created)

[WebServer] (node:20874) Warning: The 'NO_COLOR' env is ignored due to the 'FORCE_COLOR' env being set.
[WebServer] (Use `node --trace-warnings ...` to show where the warning was created)

Running 27 tests using 5 workers


(node:20890) Warning: The 'NO_COLOR' env is ignored due to the 'FORCE_COLOR' env being set.
(Use `node --trace-warnings ...` to show where the warning was created)


(node:20888) Warning: The 'NO_COLOR' env is ignored due to the 'FORCE_COLOR' env being set.
(Use `node --trace-warnings ...` to show where the warning was created)


(node:20889) Warning: The 'NO_COLOR' env is ignored due to the 'FORCE_COLOR' env being set.
(Use `node --trace-warnings ...` to show where the warning was created)


(node:20891) Warning: The 'NO_COLOR' env is ignored due to the 'FORCE_COLOR' env being set.
(Use `node --trace-warnings ...` to show where the warning was created)


(node:20892) Warning: The 'NO_COLOR' env is ignored due to the 'FORCE_COLOR' env being set.
(Use `node --trace-warnings ...` to show where the warning was created)

[1/27] [desktop] › e2e/d4-selection.spec.ts:3:5 › D4 Tree linked checks expose mixed state and lazy failure retry
[2/27] [mobile] › e2e/d4-iframe.spec.ts:80:7 › same-origin iframe Select focus, Escape restore, and SPA unmount cleanup
[3/27] [desktop] › e2e/tree.spec.ts:5:5 › Tree workbench keeps controlled keys, focus, keyboard navigation, and disabled states observable
[4/27] [mobile] › e2e/d4-selection.spec.ts:3:5 › D4 Tree linked checks expose mixed state and lazy failure retry
[5/27] [desktop] › e2e/d4-iframe.spec.ts:80:7 › same-origin iframe Select focus, Escape restore, and SPA unmount cleanup
[6/27] [mobile] › e2e/d4-iframe.spec.ts:80:7 › same-origin iframe TreeSelect focus, Escape restore, and SPA unmount cleanup
[7/27] [desktop] › e2e/d4-selection.spec.ts:25:5 › D4 TreeSelect searching retains the full linked selection model
[8/27] [mobile] › e2e/d4-selection.spec.ts:25:5 › D4 TreeSelect searching retains the full linked selection model
[9/27] [desktop] › e2e/d4-iframe.spec.ts:80:7 › same-origin iframe TreeSelect focus, Escape restore, and SPA unmount cleanup

(node:20935) Warning: The 'NO_COLOR' env is ignored due to the 'FORCE_COLOR' env being set.
(Use `node --trace-warnings ...` to show where the warning was created)

[10/27] [mobile] › e2e/tree.spec.ts:5:5 › Tree workbench keeps controlled keys, focus, keyboard navigation, and disabled states observable
[11/27] [mobile] › e2e/d4-iframe.spec.ts:80:7 › same-origin iframe Cascader focus, Escape restore, and SPA unmount cleanup

(node:20941) Warning: The 'NO_COLOR' env is ignored due to the 'FORCE_COLOR' env being set.
(Use `node --trace-warnings ...` to show where the warning was created)


(node:20942) Warning: The 'NO_COLOR' env is ignored due to the 'FORCE_COLOR' env being set.
(Use `node --trace-warnings ...` to show where the warning was created)

[12/27] [desktop-firefox] › e2e/d4-iframe.spec.ts:80:7 › same-origin iframe Select focus, Escape restore, and SPA unmount cleanup
[13/27] [desktop-firefox] › e2e/d4-selection.spec.ts:3:5 › D4 Tree linked checks expose mixed state and lazy failure retry
[14/27] [desktop] › e2e/d4-iframe.spec.ts:80:7 › same-origin iframe Cascader focus, Escape restore, and SPA unmount cleanup

(node:20952) Warning: The 'NO_COLOR' env is ignored due to the 'FORCE_COLOR' env being set.
(Use `node --trace-warnings ...` to show where the warning was created)

[15/27] [desktop-webkit] › e2e/d4-iframe.spec.ts:80:7 › same-origin iframe Select focus, Escape restore, and SPA unmount cleanup

(node:20968) Warning: The 'NO_COLOR' env is ignored due to the 'FORCE_COLOR' env being set.
(Use `node --trace-warnings ...` to show where the warning was created)

[16/27] [desktop-webkit] › e2e/d4-selection.spec.ts:3:5 › D4 Tree linked checks expose mixed state and lazy failure retry

(node:20977) Warning: The 'NO_COLOR' env is ignored due to the 'FORCE_COLOR' env being set.
(Use `node --trace-warnings ...` to show where the warning was created)

[17/27] [mobile-webkit] › e2e/d4-iframe.spec.ts:80:7 › same-origin iframe Select focus, Escape restore, and SPA unmount cleanup
[18/27] [desktop-webkit] › e2e/d4-iframe.spec.ts:80:7 › same-origin iframe TreeSelect focus, Escape restore, and SPA unmount cleanup
[19/27] [desktop-webkit] › e2e/d4-selection.spec.ts:25:5 › D4 TreeSelect searching retains the full linked selection model
[20/27] [mobile-webkit] › e2e/d4-iframe.spec.ts:80:7 › same-origin iframe TreeSelect focus, Escape restore, and SPA unmount cleanup
[21/27] [desktop-firefox] › e2e/d4-selection.spec.ts:25:5 › D4 TreeSelect searching retains the full linked selection model
[22/27] [desktop-webkit] › e2e/d4-iframe.spec.ts:80:7 › same-origin iframe Cascader focus, Escape restore, and SPA unmount cleanup

(node:21016) Warning: The 'NO_COLOR' env is ignored due to the 'FORCE_COLOR' env being set.
(Use `node --trace-warnings ...` to show where the warning was created)

[23/27] [mobile-webkit] › e2e/d4-iframe.spec.ts:80:7 › same-origin iframe Cascader focus, Escape restore, and SPA unmount cleanup
[24/27] [mobile-webkit] › e2e/d4-selection.spec.ts:3:5 › D4 Tree linked checks expose mixed state and lazy failure retry
[25/27] [desktop-firefox] › e2e/d4-iframe.spec.ts:80:7 › same-origin iframe TreeSelect focus, Escape restore, and SPA unmount cleanup
[26/27] [mobile-webkit] › e2e/d4-selection.spec.ts:25:5 › D4 TreeSelect searching retains the full linked selection model
[27/27] [desktop-firefox] › e2e/d4-iframe.spec.ts:80:7 › same-origin iframe Cascader focus, Escape restore, and SPA unmount cleanup
  27 passed (26.8s)
