{
  "base": "3dc64ff1734004c2e51cc2a5e6a99a59c85ae1a2",
  "sha256": "1f7b2f227d72235319f21c08fd308648eac447f7edcbb6d761f621394f505bd9",
  "files": [
    {
      "path": "docs/components/cascader.md",
      "sha256": "4afd2650bfc8a3a3298d7da78a916fbcfe82ce64ee8f1c218ff1de8e435512a0"
    },
    {
      "path": "docs/components/select.md",
      "sha256": "b195ee03489b609c96420d8d50b88f4da6c22a25db5e2d53175748774f341b78"
    },
    {
      "path": "docs/components/tree-select.md",
      "sha256": "cd2a6d3f85c1096de5c70161747097f1f41b45e1d44da9c034276427a1ec57ec"
    },
    {
      "path": "docs/components/tree.md",
      "sha256": "8c2449d44922e520141d317a53ad905346612c656afc3fbc1af37e1153a252de"
    },
    {
      "path": "docs/superpowers/experiments/d4-c-consumer/README.md",
      "sha256": "d6b637da2a5fb7541d2dda91da63860347ffbf24440b24f1deed16bafcf52344"
    },
    {
      "path": "docs/superpowers/experiments/d4-c-consumer/package.json",
      "sha256": "919845244a591c56d1135068e99c51867baf20b1d6ae5aece872a55d4b7d67ec"
    },
    {
      "path": "docs/superpowers/experiments/d4-c-consumer/sharedApp.js",
      "sha256": "0e12b95560d1a721c5d81129238d284228c69acbd5701c63ee8a6f28be4ae3b6"
    },
    {
      "path": "e2e/d4-iframe.spec.ts",
      "sha256": "068f4446e10c225d8e5a43f5e27daab38bd1d8eb8e626213fa2833d65d7c550c"
    },
    {
      "path": "e2e/d4-select-virtual.spec.ts",
      "sha256": "3bc5766875f294f27cba606622fc8c2053919dba07297945ad71cdb6f25286fc"
    },
    {
      "path": "e2e/d4-selection.spec.ts",
      "sha256": "10a7e498a0b10ee7b117d13058efbfb92d4e37f7acc6279730f95b404ceec395"
    },
    {
      "path": "e2e/tree.spec.ts",
      "sha256": "cfcb92917576feb910b9a3438fbb09620bf53909c936858bfa98cb7879c3214a"
    },
    {
      "path": "packages/components/es/cascader/cascader.vue.d.ts",
      "sha256": "42356dc2fe4760b6423d637b059b23acadbddbdb51c8b65e493cc10bb312acb9"
    },
    {
      "path": "packages/components/es/cascader/cascader.vue.js",
      "sha256": "d2baef120d23c5ee0d53960c58ae66d00472357f69a0a4b6a407e26263d7688d"
    },
    {
      "path": "packages/components/es/cascader/index.d.ts",
      "sha256": "a90c50c090cb845468a0b9500efe7ee8858b58e28abb1687e1040e14139907c9"
    },
    {
      "path": "packages/components/es/cascader/types.d.ts",
      "sha256": "572323266c8bd97ff28fd97bafe5a4885f1d2280d2288768cf5ddd1dfc1e0e32"
    },
    {
      "path": "packages/components/es/index.d.ts",
      "sha256": "a2ef8d21cbc65c08095807321d8d3d0487efe105e3ed8c341667c9164f273379"
    },
    {
      "path": "packages/components/es/select/index.d.ts",
      "sha256": "26eb21e80b61c10f55cece168ff0b3e5464456afe7d0edfdeef76be143773519"
    },
    {
      "path": "packages/components/es/select/select.vue.d.ts",
      "sha256": "3f1a2a4bd809e3c34f869751b343c99c7be1e629197f583f02001f5be67da5b4"
    },
    {
      "path": "packages/components/es/select/select.vue.js",
      "sha256": "7bf8751757b1edb529172d68b21a7347560c4257debfeb20053a346d91072cf2"
    },
    {
      "path": "packages/components/es/select/types.d.ts",
      "sha256": "3f0a6e4e139270ddd841c9b7ed87465dee7c8ba451bee2ec3f2dd9b876b34abc"
    },
    {
      "path": "packages/components/es/select/types.js",
      "sha256": "f895fed14321328e0bc15be88d1f593eda118dd20275f18b8870e32bc121a4b5"
    },
    {
      "path": "packages/components/es/select/use-select-virtual.d.ts",
      "sha256": "7c8e3a96bcd59ee04623b184b818037aece2015845540b02ae69158140de2cda"
    },
    {
      "path": "packages/components/es/select/use-select-virtual.js",
      "sha256": "0ae2f4a03d858269c18cdd3d3756e53c4fe703722722e8b65475c9da7b13e20e"
    },
    {
      "path": "packages/components/es/select/virtual-options.d.ts",
      "sha256": "571fef44892538aaca6893a7075c2ed5b1fe017f43feccf90064c03be0d0c0fe"
    },
    {
      "path": "packages/components/es/select/virtual-options.js",
      "sha256": "638eefea5b234b97735c84a5eccbb8bcdd05e5c4d07c4c30c90dc1aba1334950"
    },
    {
      "path": "packages/components/es/style.css",
      "sha256": "688b21c7809e48c3250a5d1a79285909687610e82f78581ccb9e1aeebccc9c57"
    },
    {
      "path": "packages/components/es/tree-select/index.d.ts",
      "sha256": "1abef152aed658bb1b308a23ea3ced469efc2029b76d5b75c3cfb42edf3fa2db"
    },
    {
      "path": "packages/components/es/tree-select/tree-select.vue.d.ts",
      "sha256": "7347575bd2bf111595c8580c28c94524fa8ac052314a98ad9d9d5cf9f5490430"
    },
    {
      "path": "packages/components/es/tree-select/tree-select.vue.js",
      "sha256": "cc4a31d32ad11f3b793242779ac4373533d8b0e6b0caecf89f8219d8a6a2e681"
    },
    {
      "path": "packages/components/es/tree/index.d.ts",
      "sha256": "6b098812957e915cebb3d3cb5a04f66c1abb8caba70e2935d3d9eb22d0484417"
    },
    {
      "path": "packages/components/es/tree/tree-check.d.ts",
      "sha256": "b7fd2853662d00a4a3399efee7261232994ed9d50ca00a2f4149e5029f8e9a62"
    },
    {
      "path": "packages/components/es/tree/tree-check.js",
      "sha256": "3d53913ac314721247f48100278267c9e690173274f56478d2150acce508c536"
    },
    {
      "path": "packages/components/es/tree/tree-index.d.ts",
      "sha256": "00159fc67c0e7e32c35b2ef5309c92fd33749a4ca28e564593a11d8a6873cb8c"
    },
    {
      "path": "packages/components/es/tree/tree-index.js",
      "sha256": "582aafae478a2be60351d7c13fed8b570dd6793bf0c6e74312b050ba133e342c"
    },
    {
      "path": "packages/components/es/tree/tree-node.vue.d.ts",
      "sha256": "6994c71d629676bc1f0a5ab632e3d8e916926604f15613add0583f6970ae703a"
    },
    {
      "path": "packages/components/es/tree/tree-node.vue.js",
      "sha256": "ee4bce15ed7fb789b27fb362665d06ff30524718140e3f97758d3547e678542e"
    },
    {
      "path": "packages/components/es/tree/tree.vue.d.ts",
      "sha256": "911f40b15490b253f0dfdd8e8f3b2e9939b3a6ef47fcbe2ac0824369630a953f"
    },
    {
      "path": "packages/components/es/tree/tree.vue.js",
      "sha256": "ee2f46fce559785d73143ad6eace1433dc1c29f7977af1672820f727a047b3e2"
    },
    {
      "path": "packages/components/es/tree/types.d.ts",
      "sha256": "bf182542719c1de9a114499fdb1614d9667af2589a8f35a7b98d67e2f9d1d765"
    },
    {
      "path": "packages/components/es/tree/types.js",
      "sha256": "24dc9170bd15ae9ff7959d84899f15091367a4b78bede564f2ea9a302d2937cf"
    },
    {
      "path": "packages/components/es/tree/use-tree-loader.d.ts",
      "sha256": "8c9dab21ed8815c20a2f819cc7bc6b1e31b2323d0912fec2177e60d59b1fb333"
    },
    {
      "path": "packages/components/es/tree/use-tree-loader.js",
      "sha256": "668d30311ac518cc290ffb62dbcb4f8f07c33b72c3e96cd6a5d20ea0b9305ffa"
    },
    {
      "path": "packages/components/es/utils/overlay-controller.d.ts",
      "sha256": "65096b99c4eb633e1c712d0c940fff3f5142ccab40c55d5cac54f0f20b75563a"
    },
    {
      "path": "packages/components/es/utils/overlay-controller.js",
      "sha256": "06c972014487c86cde30e05b48e5537edca6c41095a981d2765e64b464b457cf"
    },
    {
      "path": "packages/components/es/utils/use-floating-dismiss.d.ts",
      "sha256": "87b976f2c1543b20a1bd937b8d8a6882d7a61325761062a0cd49403e30daa93b"
    },
    {
      "path": "packages/components/es/utils/use-floating-dismiss.js",
      "sha256": "f4d2a1369191be5266ca90e35c86fb220a73b91001ac08946f75bfc1bad0f13e"
    },
    {
      "path": "packages/components/lib/cascader/cascader.vue.d.ts",
      "sha256": "42356dc2fe4760b6423d637b059b23acadbddbdb51c8b65e493cc10bb312acb9"
    },
    {
      "path": "packages/components/lib/cascader/cascader.vue.js",
      "sha256": "e2f1bf6b9954866e15a901b1480aaa23ec18536471337aacd6d456ce8cf460f5"
    },
    {
      "path": "packages/components/lib/cascader/index.d.ts",
      "sha256": "a90c50c090cb845468a0b9500efe7ee8858b58e28abb1687e1040e14139907c9"
    },
    {
      "path": "packages/components/lib/cascader/types.d.ts",
      "sha256": "572323266c8bd97ff28fd97bafe5a4885f1d2280d2288768cf5ddd1dfc1e0e32"
    },
    {
      "path": "packages/components/lib/index.d.ts",
      "sha256": "a2ef8d21cbc65c08095807321d8d3d0487efe105e3ed8c341667c9164f273379"
    },
    {
      "path": "packages/components/lib/select/index.d.ts",
      "sha256": "26eb21e80b61c10f55cece168ff0b3e5464456afe7d0edfdeef76be143773519"
    },
    {
      "path": "packages/components/lib/select/select.vue.d.ts",
      "sha256": "3f1a2a4bd809e3c34f869751b343c99c7be1e629197f583f02001f5be67da5b4"
    },
    {
      "path": "packages/components/lib/select/select.vue.js",
      "sha256": "12653cdfb7e69f7b8f3772fe2ba4ee737b9449a4dad9febbc257299ab8aad240"
    },
    {
      "path": "packages/components/lib/select/types.d.ts",
      "sha256": "3f0a6e4e139270ddd841c9b7ed87465dee7c8ba451bee2ec3f2dd9b876b34abc"
    },
    {
      "path": "packages/components/lib/select/types.js",
      "sha256": "a56162c9892525f1468741edb971066cff7a5e008fe0e77e16e6b8b42d5799fb"
    },
    {
      "path": "packages/components/lib/select/use-select-virtual.d.ts",
      "sha256": "7c8e3a96bcd59ee04623b184b818037aece2015845540b02ae69158140de2cda"
    },
    {
      "path": "packages/components/lib/select/use-select-virtual.js",
      "sha256": "f31359f6229f8d8310c1eb352c2a3aa520c7a8931add3cf26862989867921673"
    },
    {
      "path": "packages/components/lib/select/virtual-options.d.ts",
      "sha256": "571fef44892538aaca6893a7075c2ed5b1fe017f43feccf90064c03be0d0c0fe"
    },
    {
      "path": "packages/components/lib/select/virtual-options.js",
      "sha256": "5a0997bfe1f011a116104de3ac06e9794966616572e0063ab5a8640f319a958d"
    },
    {
      "path": "packages/components/lib/style.css",
      "sha256": "688b21c7809e48c3250a5d1a79285909687610e82f78581ccb9e1aeebccc9c57"
    },
    {
      "path": "packages/components/lib/tree-select/index.d.ts",
      "sha256": "1abef152aed658bb1b308a23ea3ced469efc2029b76d5b75c3cfb42edf3fa2db"
    },
    {
      "path": "packages/components/lib/tree-select/tree-select.vue.d.ts",
      "sha256": "7347575bd2bf111595c8580c28c94524fa8ac052314a98ad9d9d5cf9f5490430"
    },
    {
      "path": "packages/components/lib/tree-select/tree-select.vue.js",
      "sha256": "44b2257882aabbdf9160501f49bac6eee7e53b566a6d94c4f0d667c82d256074"
    },
    {
      "path": "packages/components/lib/tree/index.d.ts",
      "sha256": "6b098812957e915cebb3d3cb5a04f66c1abb8caba70e2935d3d9eb22d0484417"
    },
    {
      "path": "packages/components/lib/tree/tree-check.d.ts",
      "sha256": "b7fd2853662d00a4a3399efee7261232994ed9d50ca00a2f4149e5029f8e9a62"
    },
    {
      "path": "packages/components/lib/tree/tree-check.js",
      "sha256": "fc053d421b33695c7bb6efcf521dfab384b8f81727f94b7cd727484d8267373c"
    },
    {
      "path": "packages/components/lib/tree/tree-index.d.ts",
      "sha256": "00159fc67c0e7e32c35b2ef5309c92fd33749a4ca28e564593a11d8a6873cb8c"
    },
    {
      "path": "packages/components/lib/tree/tree-index.js",
      "sha256": "fb18db763d8b8ccf31125271258c86f4c5cf08a1a4f21c2fb5493ac0c476090d"
    },
    {
      "path": "packages/components/lib/tree/tree-node.vue.d.ts",
      "sha256": "6994c71d629676bc1f0a5ab632e3d8e916926604f15613add0583f6970ae703a"
    },
    {
      "path": "packages/components/lib/tree/tree-node.vue.js",
      "sha256": "1e7a6aefb32a49b5d4d24277abef5a2092dcf670692ccb522cc2b7398a67e480"
    },
    {
      "path": "packages/components/lib/tree/tree.vue.d.ts",
      "sha256": "911f40b15490b253f0dfdd8e8f3b2e9939b3a6ef47fcbe2ac0824369630a953f"
    },
    {
      "path": "packages/components/lib/tree/tree.vue.js",
      "sha256": "b0e1f9629dd1a189ad623eeac38a08415956d618b3a3446b550f3f6e4f5251a4"
    },
    {
      "path": "packages/components/lib/tree/types.d.ts",
      "sha256": "bf182542719c1de9a114499fdb1614d9667af2589a8f35a7b98d67e2f9d1d765"
    },
    {
      "path": "packages/components/lib/tree/types.js",
      "sha256": "327f0d125432757038b966e8e676a26c279bc08e5b25ee2276d72b8657b02513"
    },
    {
      "path": "packages/components/lib/tree/use-tree-loader.d.ts",
      "sha256": "8c9dab21ed8815c20a2f819cc7bc6b1e31b2323d0912fec2177e60d59b1fb333"
    },
    {
      "path": "packages/components/lib/tree/use-tree-loader.js",
      "sha256": "516ac65cc7b766edb0ba843c6024d1ff865e677ba0a93cff3c7b1fb6933ea03b"
    },
    {
      "path": "packages/components/lib/utils/overlay-controller.d.ts",
      "sha256": "65096b99c4eb633e1c712d0c940fff3f5142ccab40c55d5cac54f0f20b75563a"
    },
    {
      "path": "packages/components/lib/utils/overlay-controller.js",
      "sha256": "7f44ba2c938030113d0281baf6d20408bca9221d8eb72f6a45041db1b21aec0a"
    },
    {
      "path": "packages/components/lib/utils/use-floating-dismiss.d.ts",
      "sha256": "87b976f2c1543b20a1bd937b8d8a6882d7a61325761062a0cd49403e30daa93b"
    },
    {
      "path": "packages/components/lib/utils/use-floating-dismiss.js",
      "sha256": "2d628521aadfed05939dd009454ccd3dd6f5b730f8b5421a0f3a9b124677c472"
    },
    {
      "path": "packages/components/package.json",
      "sha256": "4ac9d402df81641ace96bc60e2e7d85f4cc0e026dd066605eaca01a59ee74abe"
    },
    {
      "path": "packages/components/src/cascader/__tests__/cascader.test.ts",
      "sha256": "6ccc747331c58a1027270569a8d663ec3c2de9796a24a8f35e1c4715a3a0a5f4"
    },
    {
      "path": "packages/components/src/cascader/cascader.vue",
      "sha256": "a5849e366ab0fcf3f8486e10ee072a3cb91f35c8ae2de8ea8c2da0fe0768a267"
    },
    {
      "path": "packages/components/src/cascader/index.ts",
      "sha256": "832b78733b899fbc96b4a72a671ba9f13d9daf099441eb5e0cc741b244408a66"
    },
    {
      "path": "packages/components/src/cascader/style.css",
      "sha256": "54d6dfc6eb6c912b5f124968561aacad1bbf517ad1d9742403a9257010576c3a"
    },
    {
      "path": "packages/components/src/cascader/types.ts",
      "sha256": "b5177779daf848ba66ff9a19fdb26d9501b046cd706abca38da17041c41ac7e1"
    },
    {
      "path": "packages/components/src/index.ts",
      "sha256": "9f10275b4a52b3dae18c0cd9141f95a31550fd778b1bea55f6341b21e5d78f39"
    },
    {
      "path": "packages/components/src/select/__tests__/select-virtual.ssr.test.ts",
      "sha256": "e062f7736019612ef1af57a86e20910faaab9ff3b211a13de8996f77045939fe"
    },
    {
      "path": "packages/components/src/select/__tests__/select-virtual.test.ts",
      "sha256": "2c95eea26cf7f08c5c4874f1c306a2c205da0f8e38f2e35ab22a4d4b9125e9a3"
    },
    {
      "path": "packages/components/src/select/__tests__/select.test.ts",
      "sha256": "3d0cb7b1ab4aa0a7bf5ccf1063cec544cced65c27d0a51d9dd8db0e3d952bf26"
    },
    {
      "path": "packages/components/src/select/__tests__/virtual-options.test.ts",
      "sha256": "7d454a8d8e12e2d67a46d7a02ca0cf3f89d38da99599557198a6ab659dfbc927"
    },
    {
      "path": "packages/components/src/select/select.vue",
      "sha256": "be370d6a34f783a1a88bd523b7bfcabb154596f6f6b5e161850c570edf2d51e8"
    },
    {
      "path": "packages/components/src/select/style.css",
      "sha256": "964f5a7744dc9b141701610661e5b65b08607ccfce182150cd8147bed8aa8cbf"
    },
    {
      "path": "packages/components/src/select/types.ts",
      "sha256": "8dd419c64ef993afca6a632f2ccce8deb2e9d1f4921b63f2df9b201019e55b91"
    },
    {
      "path": "packages/components/src/select/use-select-virtual.ts",
      "sha256": "d5dccf8326a517d072a276dc1a972487574ec12e2de9c486eb1fcb1c94bee7d6"
    },
    {
      "path": "packages/components/src/select/virtual-options.ts",
      "sha256": "80e53ca85cf2be71572be0e211d153c7cb642d432a4a7da2a13aee0d94c7f8fb"
    },
    {
      "path": "packages/components/src/tree-select/__tests__/tree-checkable.test.ts",
      "sha256": "e0c2370f9be5452f5893afb25b212a4fd882e0a00b966acd631a87749d487354"
    },
    {
      "path": "packages/components/src/tree-select/__tests__/tree-select.test.ts",
      "sha256": "29a883d6dc1b7aa2dd304d4088e67dbdf51f4601c73beda503378955401cf3f4"
    },
    {
      "path": "packages/components/src/tree-select/tree-select.vue",
      "sha256": "8f6dfbc55ea2dfe0bfc750be869cc9390ef4a2f10e92c025c85f22ec3192b4c5"
    },
    {
      "path": "packages/components/src/tree/__tests__/tree-check.test.ts",
      "sha256": "c06a432108750cf3546307f40cd9b431acecf0d53b5c1afadcdf9837bf1f1d3d"
    },
    {
      "path": "packages/components/src/tree/__tests__/tree-index.test.ts",
      "sha256": "ba7caf5742bd44a725c4698c7e19c9e724ca27026d54ecd494218733672501f9"
    },
    {
      "path": "packages/components/src/tree/__tests__/tree-lazy.test.ts",
      "sha256": "d975b6c4f1010d0f29e2d7dd981634d2b15d95ddb64f93eeb236cdc865f63c35"
    },
    {
      "path": "packages/components/src/tree/__tests__/tree-linked.test.ts",
      "sha256": "1c83238ac11b4facb7cd96d0510b5c97863fede4bbaed2bd890d560cb7277f2f"
    },
    {
      "path": "packages/components/src/tree/__tests__/tree.test.ts",
      "sha256": "f1002ba84531c59e1800d3488132b6562067cc3589e9b89004278989b9630da0"
    },
    {
      "path": "packages/components/src/tree/index.ts",
      "sha256": "4e5ec01b9843631ac34f3fa528a64b62e821012348b0b26b6f90da6b45ed298c"
    },
    {
      "path": "packages/components/src/tree/style.css",
      "sha256": "cba6bc640151f100e986083cee3a9a0798f3ab3556c6b3561f222e6f4cbf25e1"
    },
    {
      "path": "packages/components/src/tree/tree-check.ts",
      "sha256": "ead30e06fdc691c3ed66e4cbe37a132a52895c18880f071c2468f7d00b11d90c"
    },
    {
      "path": "packages/components/src/tree/tree-index.ts",
      "sha256": "9ff9e7cecc6298aa122172e9ebc344977af38a24a52fff1e52ebd59053b32e15"
    },
    {
      "path": "packages/components/src/tree/tree-node.vue",
      "sha256": "e0e7a98575e6e68f315540ab60d99c658aa873622ac780ea6d38ce066d089d73"
    },
    {
      "path": "packages/components/src/tree/tree.vue",
      "sha256": "2536bbb20374886eaf9eefeff09dc87c8a55bb5160f487aabd5439122792d533"
    },
    {
      "path": "packages/components/src/tree/types.ts",
      "sha256": "d69399f6ee36991ce7f0bb9cb37759fb7ced7b220d046a8855a6eb4be44c0257"
    },
    {
      "path": "packages/components/src/tree/use-tree-loader.ts",
      "sha256": "f8cddd4a93f0a1de1f279444f73812e6d23dd5c432277f85e05a1d47559e8d20"
    },
    {
      "path": "packages/components/src/utils/overlay-controller.ts",
      "sha256": "5e9955b82c1d0cbab73515488a14a6dd9104ed28b9bc800b77ee7c8a2c757722"
    },
    {
      "path": "packages/components/src/utils/use-floating-dismiss.ts",
      "sha256": "a75fdeea6a6f22ff0763cba470887fc8c358cc43b526fd1d64ab20df443b615e"
    },
    {
      "path": "packages/components/vite.config.ts",
      "sha256": "fea90f1f5ae9ab440309edc4721962df813514361ad95ac2f07c167534a722d8"
    },
    {
      "path": "playwright.config.ts",
      "sha256": "50eb8057c2bc3ab6f76ae4dd385f50b496391080984a47108547a8e234847bd5"
    },
    {
      "path": "pnpm-lock.yaml",
      "sha256": "dc6901c4f3ffcf40b9ba4ddec2149f839beaeca383f3772c60d51cd2a5382d0f"
    },
    {
      "path": "scripts/d4-browser-performance.mjs",
      "sha256": "f63387326996dcdd5ffefd0a1885cf20f3d4b9c9053f5f563301994b1dc8ab99"
    },
    {
      "path": "scripts/d4-candidate-fingerprint.mjs",
      "sha256": "bbcc8ef81a906edeb26f9aac3a857a948c24653f1c0edb671033c961568afdb6"
    },
    {
      "path": "scripts/d4-select-virtual-consumer.mjs",
      "sha256": "2542b5fae05988e2878ebf451f6ca0c32b68c4f73903835f9b0e86e8375d8f2a"
    },
    {
      "path": "scripts/playwright-config.test.mjs",
      "sha256": "afe7bef9debc0b02a71fe5586046f864a9429e3f43599c84de873d608ad53e4f"
    }
  ]
}
