Tarball Contents
es/alert/alert.vue.d.ts
es/alert/alert.vue.js
es/alert/alert.vue2.js
es/alert/index.d.ts
es/alert/index.js
es/alert/style.css.js
es/alert/types.d.ts
es/alert/types.js
es/badge/badge.vue.d.ts
es/badge/badge.vue.js
es/badge/badge.vue2.js
es/badge/index.d.ts
es/badge/index.js
es/badge/ribbon.vue.d.ts
es/badge/ribbon.vue.js
es/badge/ribbon.vue2.js
es/badge/style.css.js
es/badge/types.d.ts
es/badge/types.js
es/breadcrumb/breadcrumb.vue.d.ts
es/breadcrumb/breadcrumb.vue.js
es/breadcrumb/breadcrumb.vue2.js
es/breadcrumb/index.d.ts
es/breadcrumb/index.js
es/breadcrumb/style.css.js
es/breadcrumb/types.d.ts
es/breadcrumb/types.js
es/button/button.vue.d.ts
es/button/button.vue.js
es/button/button.vue2.js
es/button/index.d.ts
es/button/index.js
es/button/style.css.js
es/button/types.d.ts
es/button/types.js
es/card/card.vue.d.ts
es/card/card.vue.js
es/card/card.vue2.js
es/card/grid.vue.d.ts
es/card/grid.vue.js
es/card/grid.vue2.js
es/card/index.d.ts
es/card/index.js
es/card/meta.vue.d.ts
es/card/meta.vue.js
es/card/meta.vue2.js
es/card/style.css.js
es/card/types.d.ts
es/card/types.js
es/cascader/cascader.vue.d.ts
es/cascader/cascader.vue.js
es/cascader/cascader.vue2.js
es/cascader/index.d.ts
es/cascader/index.js
es/cascader/style.css.js
es/cascader/types.d.ts
es/checkbox/checkbox-group.vue.d.ts
es/checkbox/checkbox-group.vue.js
es/checkbox/checkbox-group.vue2.js
es/checkbox/checkbox.vue.d.ts
es/checkbox/checkbox.vue.js
es/checkbox/checkbox.vue2.js
es/checkbox/index.d.ts
es/checkbox/index.js
es/checkbox/style.css.js
es/checkbox/types.d.ts
es/checkbox/types.js
es/config-provider/config-provider.vue.d.ts
es/config-provider/config-provider.vue.js
es/config-provider/config-provider.vue2.js
es/config-provider/index.d.ts
es/config-provider/index.js
es/config-provider/style.css.js
es/config-provider/types.d.ts
es/config-provider/types.js
es/config/context.d.ts
es/config/context.js
es/config/index.d.ts
es/date-picker/date-picker.vue.d.ts
es/date-picker/date-picker.vue.js
es/date-picker/date-picker.vue2.js
es/date-picker/date-range-picker.vue.d.ts
es/date-picker/date-range-picker.vue.js
es/date-picker/date-range-picker.vue2.js
es/date-picker/date-utils.d.ts
es/date-picker/date-utils.js
es/date-picker/index.d.ts
es/date-picker/index.js
es/date-picker/style.css.js
es/date-picker/types.d.ts
es/date-picker/types.js
es/descriptions/descriptions.vue.d.ts
es/descriptions/descriptions.vue.js
es/descriptions/descriptions.vue2.js
es/descriptions/index.d.ts
es/descriptions/index.js
es/descriptions/style.css.js
es/descriptions/types.d.ts
es/descriptions/types.js
es/divider/divider.vue.d.ts
es/divider/divider.vue.js
es/divider/divider.vue2.js
es/divider/index.d.ts
es/divider/index.js
es/divider/style.css.js
es/divider/types.d.ts
es/divider/types.js
es/drawer/drawer.vue.d.ts
es/drawer/drawer.vue.js
es/drawer/drawer.vue2.js
es/drawer/index.d.ts
es/drawer/index.js
es/drawer/style.css.js
es/drawer/types.d.ts
es/drawer/types.js
es/dropdown/dropdown-button.vue.d.ts
es/dropdown/dropdown-button.vue.js
es/dropdown/dropdown-button.vue2.js
es/dropdown/dropdown.vue.d.ts
es/dropdown/dropdown.vue.js
es/dropdown/dropdown.vue2.js
es/dropdown/index.d.ts
es/dropdown/index.js
es/dropdown/style.css.js
es/dropdown/types.d.ts
es/dropdown/types.js
es/empty/empty.vue.d.ts
es/empty/empty.vue.js
es/empty/empty.vue2.js
es/empty/index.d.ts
es/empty/index.js
es/empty/style.css.js
es/empty/types.d.ts
es/empty/types.js
es/flex/flex.vue.d.ts
es/flex/flex.vue.js
es/flex/flex.vue2.js
es/flex/index.d.ts
es/flex/index.js
es/flex/style.css.js
es/flex/types.d.ts
es/flex/types.js
es/form/control-context.d.ts
es/form/control-context.js
es/form/form-item.vue.d.ts
es/form/form-item.vue.js
es/form/form-item.vue2.js
es/form/form.vue.d.ts
es/form/form.vue.js
es/form/form.vue2.js
es/form/index.d.ts
es/form/index.js
es/form/name-path.d.ts
es/form/name-path.js
es/form/style.css.js
es/form/types.d.ts
es/form/types.js
es/grid/col.vue.d.ts
es/grid/col.vue.js
es/grid/col.vue2.js
es/grid/index.d.ts
es/grid/index.js
es/grid/row.vue.d.ts
es/grid/row.vue.js
es/grid/row.vue2.js
es/grid/style.css.js
es/grid/types.d.ts
es/grid/types.js
es/icon/icon.vue.d.ts
es/icon/icon.vue.js
es/icon/icon.vue2.js
es/icon/icons.d.ts
es/icon/icons.js
es/icon/index.d.ts
es/icon/index.js
es/icon/style.css.js
es/icon/types.d.ts
es/icon/types.js
es/index.d.ts
es/index.js
es/input-number/index.d.ts
es/input-number/index.js
es/input-number/input-number.vue.d.ts
es/input-number/input-number.vue.js
es/input-number/input-number.vue2.js
es/input-number/style.css.js
es/input-number/types.d.ts
es/input-number/types.js
es/input/index.d.ts
es/input/index.js
es/input/input.vue.d.ts
es/input/input.vue.js
es/input/input.vue2.js
es/input/style.css.js
es/input/types.d.ts
es/input/types.js
es/menu/index.d.ts
es/menu/index.js
es/menu/menu-node.vue.d.ts
es/menu/menu-node.vue.js
es/menu/menu-node.vue2.js
es/menu/menu.vue.d.ts
es/menu/menu.vue.js
es/menu/menu.vue2.js
es/menu/style.css.js
es/menu/types.d.ts
es/menu/types.js
es/message/index.d.ts
es/message/index.js
es/message/message.vue.d.ts
es/message/message.vue.js
es/message/message.vue2.js
es/message/public.d.ts
es/message/public.js
es/message/service.d.ts
es/message/service.js
es/message/style.css.js
es/message/types.d.ts
es/message/types.js
es/modal/index.d.ts
es/modal/index.js
es/modal/modal.vue.d.ts
es/modal/modal.vue.js
es/modal/modal.vue2.js
es/modal/style.css.js
es/modal/types.d.ts
es/modal/types.js
es/package.json
es/pagination/index.d.ts
es/pagination/index.js
es/pagination/pagination.vue.d.ts
es/pagination/pagination.vue.js
es/pagination/pagination.vue2.js
es/pagination/style.css.js
es/pagination/types.d.ts
es/pagination/types.js
es/picker-core/calendar.d.ts
es/picker-core/calendar.js
es/picker-core/codec.d.ts
es/picker-core/codec.js
es/picker-core/dayjs.d.ts
es/picker-core/dayjs.js
es/picker-core/index.d.ts
es/picker-core/index.js
es/picker-core/selection.d.ts
es/picker-core/selection.js
es/picker-core/time.d.ts
es/picker-core/time.js
es/picker-core/types.d.ts
es/popconfirm/index.d.ts
es/popconfirm/index.js
es/popconfirm/popconfirm.vue.d.ts
es/popconfirm/popconfirm.vue.js
es/popconfirm/popconfirm.vue2.js
es/popconfirm/style.css.js
es/popconfirm/types.d.ts
es/popconfirm/types.js
es/popover/index.d.ts
es/popover/index.js
es/popover/popover.vue.d.ts
es/popover/popover.vue.js
es/popover/popover.vue2.js
es/popover/style.css.js
es/popover/types.d.ts
es/popover/types.js
es/radio/index.d.ts
es/radio/index.js
es/radio/radio-group.vue.d.ts
es/radio/radio-group.vue.js
es/radio/radio-group.vue2.js
es/radio/radio.vue.d.ts
es/radio/radio.vue.js
es/radio/radio.vue2.js
es/radio/style.css.js
es/radio/types.d.ts
es/radio/types.js
es/select/index.d.ts
es/select/index.js
es/select/select.vue.d.ts
es/select/select.vue.js
es/select/select.vue2.js
es/select/style.css.js
es/select/types.d.ts
es/select/types.js
es/select/use-select-virtual.d.ts
es/select/use-select-virtual.js
es/select/virtual-options.d.ts
es/select/virtual-options.js
es/skeleton/index.d.ts
es/skeleton/index.js
es/skeleton/skeleton.vue.d.ts
es/skeleton/skeleton.vue.js
es/skeleton/skeleton.vue2.js
es/skeleton/style.css.js
es/skeleton/types.d.ts
es/skeleton/types.js
es/space/index.d.ts
es/space/index.js
es/space/space.vue.d.ts
es/space/space.vue.js
es/space/space.vue2.js
es/space/style.css.js
es/space/types.d.ts
es/space/types.js
es/spin/index.d.ts
es/spin/index.js
es/spin/spin.vue.d.ts
es/spin/spin.vue.js
es/spin/spin.vue2.js
es/spin/style.css.js
es/spin/types.d.ts
es/spin/types.js
es/splitter/index.d.ts
es/splitter/index.js
es/splitter/solver.d.ts
es/splitter/solver.js
es/splitter/splitter-panel.vue.d.ts
es/splitter/splitter-panel.vue.js
es/splitter/splitter-panel.vue2.js
es/splitter/splitter.vue.d.ts
es/splitter/splitter.vue.js
es/splitter/splitter.vue2.js
es/splitter/style.css.js
es/splitter/types.d.ts
es/steps/index.d.ts
es/steps/index.js
es/steps/steps.vue.d.ts
es/steps/steps.vue.js
es/steps/steps.vue2.js
es/steps/style.css.js
es/steps/types.d.ts
es/steps/types.js
es/style.css
es/switch/index.d.ts
es/switch/index.js
es/switch/style.css.js
es/switch/switch.vue.d.ts
es/switch/switch.vue.js
es/switch/switch.vue2.js
es/switch/types.d.ts
es/switch/types.js
es/table/index.d.ts
es/table/index.js
es/table/style.css.js
es/table/table.vue.d.ts
es/table/table.vue.js
es/table/table.vue2.js
es/table/types.d.ts
es/table/types.js
es/tabs/index.d.ts
es/tabs/index.js
es/tabs/style.css.js
es/tabs/tabs.vue.d.ts
es/tabs/tabs.vue.js
es/tabs/tabs.vue2.js
es/tabs/types.d.ts
es/tabs/types.js
es/tag/checkable-tag.vue.d.ts
es/tag/checkable-tag.vue.js
es/tag/checkable-tag.vue2.js
es/tag/index.d.ts
es/tag/index.js
es/tag/style.css.js
es/tag/tag-group.vue.d.ts
es/tag/tag-group.vue.js
es/tag/tag-group.vue2.js
es/tag/tag.vue.d.ts
es/tag/tag.vue.js
es/tag/tag.vue2.js
es/tag/types.d.ts
es/tag/types.js
es/textarea/index.d.ts
es/textarea/index.js
es/textarea/style.css.js
es/textarea/textarea.vue.d.ts
es/textarea/textarea.vue.js
es/textarea/textarea.vue2.js
es/textarea/types.d.ts
es/textarea/types.js
es/theme/index.css.js
es/time-picker/index.d.ts
es/time-picker/index.js
es/time-picker/style.css.js
es/time-picker/time-picker.vue.d.ts
es/time-picker/time-picker.vue.js
es/time-picker/time-picker.vue2.js
es/time-picker/time-range-picker.vue.d.ts
es/time-picker/time-range-picker.vue.js
es/time-picker/time-range-picker.vue2.js
es/time-picker/types.d.ts
es/time-picker/types.js
es/tooltip/index.d.ts
es/tooltip/index.js
es/tooltip/style.css.js
es/tooltip/tooltip.vue.d.ts
es/tooltip/tooltip.vue.js
es/tooltip/tooltip.vue2.js
es/tooltip/types.d.ts
es/tooltip/types.js
es/tree-select/index.d.ts
es/tree-select/index.js
es/tree-select/style.css.js
es/tree-select/tree-select.vue.d.ts
es/tree-select/tree-select.vue.js
es/tree-select/tree-select.vue2.js
es/tree/index.d.ts
es/tree/index.js
es/tree/style.css.js
es/tree/tree-check.d.ts
es/tree/tree-check.js
es/tree/tree-index.d.ts
es/tree/tree-index.js
es/tree/tree-node.vue.d.ts
es/tree/tree-node.vue.js
es/tree/tree-node.vue2.js
es/tree/tree.vue.d.ts
es/tree/tree.vue.js
es/tree/tree.vue2.js
es/tree/types.d.ts
es/tree/types.js
es/tree/use-tree-loader.d.ts
es/tree/use-tree-loader.js
es/typography/copyable.d.ts
es/typography/copyable.js
es/typography/index.d.ts
es/typography/index.js
es/typography/link.vue.d.ts
es/typography/link.vue.js
es/typography/link.vue2.js
es/typography/paragraph.vue.d.ts
es/typography/paragraph.vue.js
es/typography/paragraph.vue2.js
es/typography/style.css.js
es/typography/text.vue.d.ts
es/typography/text.vue.js
es/typography/text.vue2.js
es/typography/title.vue.d.ts
es/typography/title.vue.js
es/typography/title.vue2.js
es/typography/types.d.ts
es/typography/types.js
es/typography/typography.vue.d.ts
es/typography/typography.vue.js
es/typography/typography.vue2.js
es/upload/index.d.ts
es/upload/index.js
es/upload/style.css.js
es/upload/types.d.ts
es/upload/upload.vue.d.ts
es/upload/upload.vue.js
es/upload/upload.vue2.js
es/utils/floating-core.d.ts
es/utils/floating-core.js
es/utils/floating.css.js
es/utils/floating.d.ts
es/utils/floating.js
es/utils/install.d.ts
es/utils/install.js
es/utils/overlay-controller.d.ts
es/utils/overlay-controller.js
es/utils/use-async-task.d.ts
es/utils/use-async-task.js
es/utils/use-collection.d.ts
es/utils/use-collection.js
es/utils/use-controllable-state.d.ts
es/utils/use-controllable-state.js
es/utils/use-floating-dismiss.d.ts
es/utils/use-floating-dismiss.js
es/utils/use-floating-position.d.ts
es/utils/use-floating-position.js
es/utils/use-motion-presence.d.ts
es/utils/use-motion-presence.js
es/utils/use-pointer-drag.d.ts
es/utils/use-pointer-drag.js
es/utils/use-prop-presence.d.ts
es/utils/use-prop-presence.js
es/utils/use-roving-focus.d.ts
es/utils/use-roving-focus.js
es/utils/use-stable-id.d.ts
es/utils/use-stable-id.js
es/utils/use-teleport-ready.d.ts
es/utils/use-teleport-ready.js
es/utils/use-trigger-aria.d.ts
es/utils/use-trigger-aria.js
lib/alert/alert.vue.d.ts
lib/alert/alert.vue.js
lib/alert/alert.vue2.js
lib/alert/index.d.ts
lib/alert/index.js
lib/alert/style.css.js
lib/alert/types.d.ts
lib/alert/types.js
lib/badge/badge.vue.d.ts
lib/badge/badge.vue.js
lib/badge/badge.vue2.js
lib/badge/index.d.ts
lib/badge/index.js
lib/badge/ribbon.vue.d.ts
lib/badge/ribbon.vue.js
lib/badge/ribbon.vue2.js
lib/badge/style.css.js
lib/badge/types.d.ts
lib/badge/types.js
lib/breadcrumb/breadcrumb.vue.d.ts
lib/breadcrumb/breadcrumb.vue.js
lib/breadcrumb/breadcrumb.vue2.js
lib/breadcrumb/index.d.ts
lib/breadcrumb/index.js
lib/breadcrumb/style.css.js
lib/breadcrumb/types.d.ts
lib/breadcrumb/types.js
lib/button/button.vue.d.ts
lib/button/button.vue.js
lib/button/button.vue2.js
lib/button/index.d.ts
lib/button/index.js
lib/button/style.css.js
lib/button/types.d.ts
lib/button/types.js
lib/card/card.vue.d.ts
lib/card/card.vue.js
lib/card/card.vue2.js
lib/card/grid.vue.d.ts
lib/card/grid.vue.js
lib/card/grid.vue2.js
lib/card/index.d.ts
lib/card/index.js
lib/card/meta.vue.d.ts
lib/card/meta.vue.js
lib/card/meta.vue2.js
lib/card/style.css.js
lib/card/types.d.ts
lib/card/types.js
lib/cascader/cascader.vue.d.ts
lib/cascader/cascader.vue.js
lib/cascader/cascader.vue2.js
lib/cascader/index.d.ts
lib/cascader/index.js
lib/cascader/style.css.js
lib/cascader/types.d.ts
lib/checkbox/checkbox-group.vue.d.ts
lib/checkbox/checkbox-group.vue.js
lib/checkbox/checkbox-group.vue2.js
lib/checkbox/checkbox.vue.d.ts
lib/checkbox/checkbox.vue.js
lib/checkbox/checkbox.vue2.js
lib/checkbox/index.d.ts
lib/checkbox/index.js
lib/checkbox/style.css.js
lib/checkbox/types.d.ts
lib/checkbox/types.js
lib/config-provider/config-provider.vue.d.ts
lib/config-provider/config-provider.vue.js
lib/config-provider/config-provider.vue2.js
lib/config-provider/index.d.ts
lib/config-provider/index.js
lib/config-provider/style.css.js
lib/config-provider/types.d.ts
lib/config-provider/types.js
lib/config/context.d.ts
lib/config/context.js
lib/config/index.d.ts
lib/date-picker/date-picker.vue.d.ts
lib/date-picker/date-picker.vue.js
lib/date-picker/date-picker.vue2.js
lib/date-picker/date-range-picker.vue.d.ts
lib/date-picker/date-range-picker.vue.js
lib/date-picker/date-range-picker.vue2.js
lib/date-picker/date-utils.d.ts
lib/date-picker/date-utils.js
lib/date-picker/index.d.ts
lib/date-picker/index.js
lib/date-picker/style.css.js
lib/date-picker/types.d.ts
lib/date-picker/types.js
lib/descriptions/descriptions.vue.d.ts
lib/descriptions/descriptions.vue.js
lib/descriptions/descriptions.vue2.js
lib/descriptions/index.d.ts
lib/descriptions/index.js
lib/descriptions/style.css.js
lib/descriptions/types.d.ts
lib/descriptions/types.js
lib/divider/divider.vue.d.ts
lib/divider/divider.vue.js
lib/divider/divider.vue2.js
lib/divider/index.d.ts
lib/divider/index.js
lib/divider/style.css.js
lib/divider/types.d.ts
lib/divider/types.js
lib/drawer/drawer.vue.d.ts
lib/drawer/drawer.vue.js
lib/drawer/drawer.vue2.js
lib/drawer/index.d.ts
lib/drawer/index.js
lib/drawer/style.css.js
lib/drawer/types.d.ts
lib/drawer/types.js
lib/dropdown/dropdown-button.vue.d.ts
lib/dropdown/dropdown-button.vue.js
lib/dropdown/dropdown-button.vue2.js
lib/dropdown/dropdown.vue.d.ts
lib/dropdown/dropdown.vue.js
lib/dropdown/dropdown.vue2.js
lib/dropdown/index.d.ts
lib/dropdown/index.js
lib/dropdown/style.css.js
lib/dropdown/types.d.ts
lib/dropdown/types.js
lib/empty/empty.vue.d.ts
lib/empty/empty.vue.js
lib/empty/empty.vue2.js
lib/empty/index.d.ts
lib/empty/index.js
lib/empty/style.css.js
lib/empty/types.d.ts
lib/empty/types.js
lib/flex/flex.vue.d.ts
lib/flex/flex.vue.js
lib/flex/flex.vue2.js
lib/flex/index.d.ts
lib/flex/index.js
lib/flex/style.css.js
lib/flex/types.d.ts
lib/flex/types.js
lib/form/control-context.d.ts
lib/form/control-context.js
lib/form/form-item.vue.d.ts
lib/form/form-item.vue.js
lib/form/form-item.vue2.js
lib/form/form.vue.d.ts
lib/form/form.vue.js
lib/form/form.vue2.js
lib/form/index.d.ts
lib/form/index.js
lib/form/name-path.d.ts
lib/form/name-path.js
lib/form/style.css.js
lib/form/types.d.ts
lib/form/types.js
lib/grid/col.vue.d.ts
lib/grid/col.vue.js
lib/grid/col.vue2.js
lib/grid/index.d.ts
lib/grid/index.js
lib/grid/row.vue.d.ts
lib/grid/row.vue.js
lib/grid/row.vue2.js
lib/grid/style.css.js
lib/grid/types.d.ts
lib/grid/types.js
lib/icon/icon.vue.d.ts
lib/icon/icon.vue.js
lib/icon/icon.vue2.js
lib/icon/icons.d.ts
lib/icon/icons.js
lib/icon/index.d.ts
lib/icon/index.js
lib/icon/style.css.js
lib/icon/types.d.ts
lib/icon/types.js
lib/index.d.ts
lib/index.js
lib/input-number/index.d.ts
lib/input-number/index.js
lib/input-number/input-number.vue.d.ts
lib/input-number/input-number.vue.js
lib/input-number/input-number.vue2.js
lib/input-number/style.css.js
lib/input-number/types.d.ts
lib/input-number/types.js
lib/input/index.d.ts
lib/input/index.js
lib/input/input.vue.d.ts
lib/input/input.vue.js
lib/input/input.vue2.js
lib/input/style.css.js
lib/input/types.d.ts
lib/input/types.js
lib/menu/index.d.ts
lib/menu/index.js
lib/menu/menu-node.vue.d.ts
lib/menu/menu-node.vue.js
lib/menu/menu-node.vue2.js
lib/menu/menu.vue.d.ts
lib/menu/menu.vue.js
lib/menu/menu.vue2.js
lib/menu/style.css.js
lib/menu/types.d.ts
lib/menu/types.js
lib/message/index.d.ts
lib/message/index.js
lib/message/message.vue.d.ts
lib/message/message.vue.js
lib/message/message.vue2.js
lib/message/public.d.ts
lib/message/public.js
lib/message/service.d.ts
lib/message/service.js
lib/message/style.css.js
lib/message/types.d.ts
lib/message/types.js
lib/modal/index.d.ts
lib/modal/index.js
lib/modal/modal.vue.d.ts
lib/modal/modal.vue.js
lib/modal/modal.vue2.js
lib/modal/style.css.js
lib/modal/types.d.ts
lib/modal/types.js
lib/package.json
lib/pagination/index.d.ts
lib/pagination/index.js
lib/pagination/pagination.vue.d.ts
lib/pagination/pagination.vue.js
lib/pagination/pagination.vue2.js
lib/pagination/style.css.js
lib/pagination/types.d.ts
lib/pagination/types.js
lib/picker-core/calendar.d.ts
lib/picker-core/calendar.js
lib/picker-core/codec.d.ts
lib/picker-core/codec.js
lib/picker-core/dayjs.d.ts
lib/picker-core/dayjs.js
lib/picker-core/index.d.ts
lib/picker-core/index.js
lib/picker-core/selection.d.ts
lib/picker-core/selection.js
lib/picker-core/time.d.ts
lib/picker-core/time.js
lib/picker-core/types.d.ts
lib/popconfirm/index.d.ts
lib/popconfirm/index.js
lib/popconfirm/popconfirm.vue.d.ts
lib/popconfirm/popconfirm.vue.js
lib/popconfirm/popconfirm.vue2.js
lib/popconfirm/style.css.js
lib/popconfirm/types.d.ts
lib/popconfirm/types.js
lib/popover/index.d.ts
lib/popover/index.js
lib/popover/popover.vue.d.ts
lib/popover/popover.vue.js
lib/popover/popover.vue2.js
lib/popover/style.css.js
lib/popover/types.d.ts
lib/popover/types.js
lib/radio/index.d.ts
lib/radio/index.js
lib/radio/radio-group.vue.d.ts
lib/radio/radio-group.vue.js
lib/radio/radio-group.vue2.js
lib/radio/radio.vue.d.ts
lib/radio/radio.vue.js
lib/radio/radio.vue2.js
lib/radio/style.css.js
lib/radio/types.d.ts
lib/radio/types.js
lib/select/index.d.ts
lib/select/index.js
lib/select/select.vue.d.ts
lib/select/select.vue.js
lib/select/select.vue2.js
lib/select/style.css.js
lib/select/types.d.ts
lib/select/types.js
lib/select/use-select-virtual.d.ts
lib/select/use-select-virtual.js
lib/select/virtual-options.d.ts
lib/select/virtual-options.js
lib/skeleton/index.d.ts
lib/skeleton/index.js
lib/skeleton/skeleton.vue.d.ts
lib/skeleton/skeleton.vue.js
lib/skeleton/skeleton.vue2.js
lib/skeleton/style.css.js
lib/skeleton/types.d.ts
lib/skeleton/types.js
lib/space/index.d.ts
lib/space/index.js
lib/space/space.vue.d.ts
lib/space/space.vue.js
lib/space/space.vue2.js
lib/space/style.css.js
lib/space/types.d.ts
lib/space/types.js
lib/spin/index.d.ts
lib/spin/index.js
lib/spin/spin.vue.d.ts
lib/spin/spin.vue.js
lib/spin/spin.vue2.js
lib/spin/style.css.js
lib/spin/types.d.ts
lib/spin/types.js
lib/splitter/index.d.ts
lib/splitter/index.js
lib/splitter/solver.d.ts
lib/splitter/solver.js
lib/splitter/splitter-panel.vue.d.ts
lib/splitter/splitter-panel.vue.js
lib/splitter/splitter-panel.vue2.js
lib/splitter/splitter.vue.d.ts
lib/splitter/splitter.vue.js
lib/splitter/splitter.vue2.js
lib/splitter/style.css.js
lib/splitter/types.d.ts
lib/steps/index.d.ts
lib/steps/index.js
lib/steps/steps.vue.d.ts
lib/steps/steps.vue.js
lib/steps/steps.vue2.js
lib/steps/style.css.js
lib/steps/types.d.ts
lib/steps/types.js
lib/style.css
lib/switch/index.d.ts
lib/switch/index.js
lib/switch/style.css.js
lib/switch/switch.vue.d.ts
lib/switch/switch.vue.js
lib/switch/switch.vue2.js
lib/switch/types.d.ts
lib/switch/types.js
lib/table/index.d.ts
lib/table/index.js
lib/table/style.css.js
lib/table/table.vue.d.ts
lib/table/table.vue.js
lib/table/table.vue2.js
lib/table/types.d.ts
lib/table/types.js
lib/tabs/index.d.ts
lib/tabs/index.js
lib/tabs/style.css.js
lib/tabs/tabs.vue.d.ts
lib/tabs/tabs.vue.js
lib/tabs/tabs.vue2.js
lib/tabs/types.d.ts
lib/tabs/types.js
lib/tag/checkable-tag.vue.d.ts
lib/tag/checkable-tag.vue.js
lib/tag/checkable-tag.vue2.js
lib/tag/index.d.ts
lib/tag/index.js
lib/tag/style.css.js
lib/tag/tag-group.vue.d.ts
lib/tag/tag-group.vue.js
lib/tag/tag-group.vue2.js
lib/tag/tag.vue.d.ts
lib/tag/tag.vue.js
lib/tag/tag.vue2.js
lib/tag/types.d.ts
lib/tag/types.js
lib/textarea/index.d.ts
lib/textarea/index.js
lib/textarea/style.css.js
lib/textarea/textarea.vue.d.ts
lib/textarea/textarea.vue.js
lib/textarea/textarea.vue2.js
lib/textarea/types.d.ts
lib/textarea/types.js
lib/theme/index.css.js
lib/time-picker/index.d.ts
lib/time-picker/index.js
lib/time-picker/style.css.js
lib/time-picker/time-picker.vue.d.ts
lib/time-picker/time-picker.vue.js
lib/time-picker/time-picker.vue2.js
lib/time-picker/time-range-picker.vue.d.ts
lib/time-picker/time-range-picker.vue.js
lib/time-picker/time-range-picker.vue2.js
lib/time-picker/types.d.ts
lib/time-picker/types.js
lib/tooltip/index.d.ts
lib/tooltip/index.js
lib/tooltip/style.css.js
lib/tooltip/tooltip.vue.d.ts
lib/tooltip/tooltip.vue.js
lib/tooltip/tooltip.vue2.js
lib/tooltip/types.d.ts
lib/tooltip/types.js
lib/tree-select/index.d.ts
lib/tree-select/index.js
lib/tree-select/style.css.js
lib/tree-select/tree-select.vue.d.ts
lib/tree-select/tree-select.vue.js
lib/tree-select/tree-select.vue2.js
lib/tree/index.d.ts
lib/tree/index.js
lib/tree/style.css.js
lib/tree/tree-check.d.ts
lib/tree/tree-check.js
lib/tree/tree-index.d.ts
lib/tree/tree-index.js
lib/tree/tree-node.vue.d.ts
lib/tree/tree-node.vue.js
lib/tree/tree-node.vue2.js
lib/tree/tree.vue.d.ts
lib/tree/tree.vue.js
lib/tree/tree.vue2.js
lib/tree/types.d.ts
lib/tree/types.js
lib/tree/use-tree-loader.d.ts
lib/tree/use-tree-loader.js
lib/typography/copyable.d.ts
lib/typography/copyable.js
lib/typography/index.d.ts
lib/typography/index.js
lib/typography/link.vue.d.ts
lib/typography/link.vue.js
lib/typography/link.vue2.js
lib/typography/paragraph.vue.d.ts
lib/typography/paragraph.vue.js
lib/typography/paragraph.vue2.js
lib/typography/style.css.js
lib/typography/text.vue.d.ts
lib/typography/text.vue.js
lib/typography/text.vue2.js
lib/typography/title.vue.d.ts
lib/typography/title.vue.js
lib/typography/title.vue2.js
lib/typography/types.d.ts
lib/typography/types.js
lib/typography/typography.vue.d.ts
lib/typography/typography.vue.js
lib/typography/typography.vue2.js
lib/upload/index.d.ts
lib/upload/index.js
lib/upload/style.css.js
lib/upload/types.d.ts
lib/upload/upload.vue.d.ts
lib/upload/upload.vue.js
lib/upload/upload.vue2.js
lib/utils/floating-core.d.ts
lib/utils/floating-core.js
lib/utils/floating.css.js
lib/utils/floating.d.ts
lib/utils/floating.js
lib/utils/install.d.ts
lib/utils/install.js
lib/utils/overlay-controller.d.ts
lib/utils/overlay-controller.js
lib/utils/use-async-task.d.ts
lib/utils/use-async-task.js
lib/utils/use-collection.d.ts
lib/utils/use-collection.js
lib/utils/use-controllable-state.d.ts
lib/utils/use-controllable-state.js
lib/utils/use-floating-dismiss.d.ts
lib/utils/use-floating-dismiss.js
lib/utils/use-floating-position.d.ts
lib/utils/use-floating-position.js
lib/utils/use-motion-presence.d.ts
lib/utils/use-motion-presence.js
lib/utils/use-pointer-drag.d.ts
lib/utils/use-pointer-drag.js
lib/utils/use-prop-presence.d.ts
lib/utils/use-prop-presence.js
lib/utils/use-roving-focus.d.ts
lib/utils/use-roving-focus.js
lib/utils/use-stable-id.d.ts
lib/utils/use-stable-id.js
lib/utils/use-teleport-ready.d.ts
lib/utils/use-teleport-ready.js
lib/utils/use-trigger-aria.d.ts
lib/utils/use-trigger-aria.js
LICENSE
package.json
README.md

Tarball Details
/tmp/aheart-d4-c-final-pack.FrBetu/aheart-ui-1.0.0.tgz
