
[WebServer] (node:47198) Warning: The 'NO_COLOR' env is ignored due to the 'FORCE_COLOR' env being set.
[WebServer] (Use `node --trace-warnings ...` to show where the warning was created)

[WebServer] (node:47212) Warning: The 'NO_COLOR' env is ignored due to the 'FORCE_COLOR' env being set.
[WebServer] (Use `node --trace-warnings ...` to show where the warning was created)

[WebServer] (node:47226) Warning: The 'NO_COLOR' env is ignored due to the 'FORCE_COLOR' env being set.
[WebServer] (Use `node --trace-warnings ...` to show where the warning was created)

[WebServer] - building client + server bundles...

[WebServer] 
[WebServer] (!) Some chunks are larger than 500 kB after minification. Consider:
[WebServer] - Using dynamic import() to code-split the application
[WebServer] - Use build.rollupOptions.output.manualChunks to improve chunking: https://rollupjs.org/configuration-options/#output-manualchunks
[WebServer] - Adjust chunk size limit for this warning via build.chunkSizeWarningLimit.

[WebServer] ✓ building client + server bundles...

[WebServer] - rendering pages...

[WebServer] ✓ rendering pages...

[WebServer] (node:47987) Warning: The 'NO_COLOR' env is ignored due to the 'FORCE_COLOR' env being set.
[WebServer] (Use `node --trace-warnings ...` to show where the warning was created)

[WebServer] (node:48001) Warning: The 'NO_COLOR' env is ignored due to the 'FORCE_COLOR' env being set.
[WebServer] (Use `node --trace-warnings ...` to show where the warning was created)

Running 576 tests using 2 workers


(node:48013) Warning: The 'NO_COLOR' env is ignored due to the 'FORCE_COLOR' env being set.
(Use `node --trace-warnings ...` to show where the warning was created)


(node:48012) Warning: The 'NO_COLOR' env is ignored due to the 'FORCE_COLOR' env being set.
(Use `node --trace-warnings ...` to show where the warning was created)

[1/576] [desktop] › e2e/agent-workbench.spec.ts:3:5 › desktop workbench renders resizable three-pane layout
[2/576] [desktop] › e2e/a11y-visual.spec.ts:89:7 › QG4 accessibility and visual regression gates › critical and serious axe violations are zero for every target route
[3/576] [desktop] › e2e/agent-workbench.spec.ts:12:5 › mobile workbench opens execution drawer from tabs
[4/576] [desktop] › e2e/agent-workbench.spec.ts:22:5 › mobile workbench tabs provide 40px targets and arrow-key activation
[5/576] [desktop] › e2e/config-provider.spec.ts:5:5 › ConfigProvider workbench updates real descendants across locale, size, disabled, theme, and nesting
[6/576] [desktop] › e2e/cross-browser-production.spec.ts:58:3 › QG5 production cross-browser gates › production assets load and interactive routes hydrate without runtime errors
[7/576] [desktop] › e2e/cross-browser-production.spec.ts:71:3 › QG5 production cross-browser gates › Floating UI remains visible after scrolling, resizing, and edge adjustment
[8/576] [desktop] › e2e/cross-browser-production.spec.ts:90:3 › QG5 production cross-browser gates › Teleport overlays close cleanly and restore focus
[9/576] [desktop] › e2e/cross-browser-production.spec.ts:108:3 › QG5 production cross-browser gates › mobile production surfaces stay within the viewport
[10/576] [desktop] › e2e/cross-browser-r1.spec.ts:62:7 › QG5 R1 production cross-browser smoke › Form completes async validation, correction, and reset
[11/576] [desktop] › e2e/a11y-visual.spec.ts:96:7 › QG4 accessibility and visual regression gates › critical and serious axe violations are zero for opened overlays
[12/576] [desktop] › e2e/cross-browser-r1.spec.ts:80:7 › QG5 R1 production cross-browser smoke › Select selects, clears multiple values, and closes by keyboard
[13/576] [desktop] › e2e/cross-browser-r1.spec.ts:104:7 › QG5 R1 production cross-browser smoke › DatePicker commits a date-time draft and cancels a later edit
[14/576] [desktop] › e2e/cross-browser-r1.spec.ts:123:7 › QG5 R1 production cross-browser smoke › Table sorts, selects, expands, and paginates records
[15/576] [desktop] › e2e/a11y-visual.spec.ts:117:7 › QG4 accessibility and visual regression gates › evidence manifest binds QG4 coverage to the project and reviewed commit
[16/576] [desktop] › e2e/a11y-visual.spec.ts:137:7 › QG4 accessibility and visual regression gates › production routes hydrate without Vue warnings or hydration mismatches
[17/576] [desktop] › e2e/cross-browser-r1.spec.ts:141:7 › QG5 R1 production cross-browser smoke › Upload reports progress, recovers a failure, and enforces disabled state
[18/576] [desktop] › e2e/cross-browser-r1.spec.ts:164:7 › QG5 R1 production cross-browser smoke › Modal opens, cancels by keyboard, and restores its trigger
[19/576] [desktop] › e2e/cross-browser-r1.spec.ts:179:7 › QG5 R1 production cross-browser smoke › nested overlays close topmost-first and keep scroll and focus ownership
[20/576] [desktop] › e2e/a11y-visual.spec.ts:193:7 › QG4 accessibility and visual regression gates › target routes expose visible keyboard focus
[21/576] [desktop] › e2e/cross-browser-r1.spec.ts:230:7 › QG5 R1 production cross-browser smoke › DnD sorts by keyboard and Splitter resizes by keyboard
[22/576] [desktop] › e2e/cross-browser-r1.spec.ts:251:7 › QG5 R1 production cross-browser smoke › AI Workbench retries a task, completes approval, and previews an artifact
[23/576] [desktop] › e2e/d4-iframe.spec.ts:80:7 › same-origin iframe Select focus, Escape restore, and SPA unmount cleanup
[24/576] [desktop] › e2e/a11y-visual.spec.ts:200:7 › QG4 accessibility and visual regression gates › Select opens, selects with the keyboard, and restores focus on Escape
[25/576] [desktop] › e2e/d4-iframe.spec.ts:80:7 › same-origin iframe TreeSelect focus, Escape restore, and SPA unmount cleanup
[26/576] [desktop] › e2e/a11y-visual.spec.ts:221:7 › QG4 accessibility and visual regression gates › Menu supports real directional navigation, Enter selection, and Escape
[27/576] [desktop] › e2e/d4-iframe.spec.ts:80:7 › same-origin iframe Cascader focus, Escape restore, and SPA unmount cleanup
[28/576] [desktop] › e2e/a11y-visual.spec.ts:239:7 › QG4 accessibility and visual regression gates › Table sort button responds to keyboard activation
[29/576] [desktop] › e2e/d4-select-virtual.spec.ts:3:5 › Select virtual no-results message remains visible and search can recover
[30/576] [desktop] › e2e/d4-select-virtual.spec.ts:36:5 › Select virtual tail, disabled navigation, dynamic height and scroll anchoring
[31/576] [desktop] › e2e/a11y-visual.spec.ts:252:7 › QG4 accessibility and visual regression gates › Splitter separator adjusts from the keyboard and updates aria-valuenow
[32/576] [desktop] › e2e/a11y-visual.spec.ts:265:7 › QG4 accessibility and visual regression gates › Splitter mobile separator keeps a visual line while exposing a touch hit area
[33/576] [desktop] › e2e/a11y-visual.spec.ts:288:7 › QG4 accessibility and visual regression gates › Chinese long copy remains within the viewport at 200 percent zoom
[34/576] [desktop] › e2e/d4-select-virtual.spec.ts:109:5 › Select virtual uses iframe realm and disposes after SPA unmount
[35/576] [desktop] › e2e/d4-selection.spec.ts:3:5 › D4 Tree linked checks expose mixed state and lazy failure retry
[36/576] [desktop] › e2e/d4-selection.spec.ts:25:5 › D4 TreeSelect searching retains the full linked selection model
[37/576] [desktop] › e2e/date-picker.spec.ts:8:5 › DatePicker completes format, mode, multiple and preset workflows
[38/576] [desktop] › e2e/date-picker.spec.ts:45:5 › DatePicker keeps showTime as a confirmable draft and supports keyboard focus
[39/576] [desktop] › e2e/a11y-visual.spec.ts:310:7 › QG4 accessibility and visual regression gates › target panel text and controls remain visible and operable at 200 percent zoom
[40/576] [desktop] › e2e/date-picker.spec.ts:65:5 › DatePicker remains reachable on a narrow viewport
[41/576] [desktop] › e2e/date-picker.spec.ts:105:5 › DatePicker does not widen the mobile page under wider font metrics
[42/576] [desktop] › e2e/a11y-visual.spec.ts:323:7 › QG4 accessibility and visual regression gates › AI Workbench exposes the execution and artifact state on mobile
[43/576] [desktop] › e2e/a11y-visual.spec.ts:353:7 › QG4 accessibility and visual regression gates › AI Workbench opens the pending approval directly from the mobile summary
[44/576] [desktop] › e2e/a11y-visual.spec.ts:365:7 › QG4 accessibility and visual regression gates › desktop component surface screenshots match baselines
[45/576] [desktop] › e2e/date-picker.spec.ts:124:5 › DatePicker keeps the mobile showTime footer interactive under wider font metrics
[46/576] [desktop] › e2e/date-picker.spec.ts:142:5 › DatePicker uses a coherent dark popup surface
[47/576] [desktop] › e2e/date-range-picker.spec.ts:8:5 › DateRangePicker completes a range with one coordinated popup
[48/576] [desktop] › e2e/date-range-picker.spec.ts:33:5 › DateRangePicker keeps date-time edits draft-only until confirmation
[49/576] [desktop] › e2e/date-range-picker.spec.ts:53:5 › DateRangePicker stays within the mobile viewport with a fixed action area
[50/576] [desktop] › e2e/dnd-splitter.spec.ts:133:7 › QG2 中文 DnD fixture › exposes same-list keyboard sorting, counts, status, and live region
[51/576] [desktop] › e2e/a11y-visual.spec.ts:377:7 › QG4 accessibility and visual regression gates › mobile component surface screenshots match baselines
[52/576] [desktop] › e2e/dnd-splitter.spec.ts:148:7 › QG2 中文 DnD fixture › sorts from a focused handle with Alt+Arrow and restores focus to that handle
[53/576] [desktop] › e2e/dnd-splitter.spec.ts:160:7 › QG2 中文 DnD fixture › moves a focused handle across compatible lists with Alt+Arrow and announces the destination
[54/576] [desktop] › e2e/dnd-splitter.spec.ts:176:7 › QG2 中文 DnD fixture › uses an accessible deep-blue color for DnD status text without changing the handle focus color
[55/576] [desktop] › e2e/dnd-splitter.spec.ts:183:7 › QG2 中文 DnD fixture › reorders a list once with a real pointer drag
[56/576] [desktop] › e2e/dnd-splitter.spec.ts:192:7 › QG2 中文 DnD fixture › keeps legacy desktop whole-item native dragging without handleProps
[57/576] [desktop] › e2e/dnd-splitter.spec.ts:202:7 › QG2 中文 DnD fixture › reorders from a trusted Chromium touch sequence on the handle
[58/576] [desktop] › e2e/dnd-splitter.spec.ts:238:7 › QG2 中文 DnD fixture › naturally scrolls from trusted Chromium touch input on item content without sorting
[59/576] [desktop] › e2e/a11y-visual.spec.ts:389:7 › QG4 accessibility and visual regression gates › reduced motion disables transition and animation durations
[60/576] [desktop] › e2e/dnd-splitter.spec.ts:268:7 › QG2 中文 DnD fixture › runs the touch handle state machine with scripted PointerEvents in mobile WebKit
[61/576] [desktop] › e2e/dnd-splitter.spec.ts:301:7 › QG2 中文 DnD fixture › moves across lists and accepts an empty destination with a real pointer drag
[62/576] [desktop] › e2e/dnd-splitter.spec.ts:323:7 › QG2 中文 DnD fixture › moves a trusted Chromium touch handle across a non-empty list and then into an empty list exactly once per list
[63/576] [desktop] › e2e/dnd-splitter.spec.ts:364:7 › QG2 中文 DnD fixture › keeps disabled and rejected destinations unchanged
[64/576] [desktop] › e2e/dnd-splitter.spec.ts:399:7 › QG2 中文 DnD fixture › rejects trusted Chromium touch moves to disabled and different-group lists without leaving drag UI behind
[65/576] [desktop] › e2e/dnd-splitter.spec.ts:444:7 › QG2 中文 DnD fixture › keeps the mobile workbench readable and its states explicit
[66/576] [desktop] › e2e/dnd-splitter.spec.ts:462:7 › QG2 中文 DnD fixture › keeps item content scrollable during scripted touch events in mobile WebKit while only the handle disables touch gestures
[67/576] [desktop] › e2e/docs-component-smoke.spec.ts:25:5 › component lists and tables are isolated from VitePress content styles
[68/576] [desktop] › e2e/dnd-splitter.spec.ts:526:7 › QG2 中文 DnD fixture › auto-scrolls a nested region and cancels without moving
[69/576] [desktop] › e2e/docs-component-smoke.spec.ts:56:5 › form control demos update their visible state
[70/576] [desktop] › e2e/dnd-splitter.spec.ts:549:7 › QG2 中文 DnD fixture › hands auto-scroll from an exhausted inner region to its outer ancestor
[71/576] [desktop] › e2e/dnd-splitter.spec.ts:573:7 › QG2 中文 DnD fixture › unmounts and remounts without stale drag state
[72/576] [desktop] › e2e/docs-component-smoke.spec.ts:97:5 › feedback demos execute instead of throwing runtime errors
[73/576] [desktop] › e2e/dnd-splitter.spec.ts:606:7 › QG2 中文 Splitter fixture › renders horizontal, vertical, and three-panel splitters with state output
[74/576] [desktop] › e2e/docs-component-smoke.spec.ts:113:5 › icon documentation loads without runtime errors
[75/576] [desktop] › e2e/dnd-splitter.spec.ts:664:7 › QG2 中文 Splitter fixture › enforces percentage bounds and recomputes them after container resize
[76/576] [desktop] › e2e/docs-component-smoke.spec.ts:126:9 › Chinese Ready component routes › /components/config-provider loads without runtime errors
[77/576] [desktop] › e2e/docs-component-smoke.spec.ts:126:9 › Chinese Ready component routes › /components/typography loads without runtime errors
[78/576] [desktop] › e2e/dnd-splitter.spec.ts:687:7 › QG2 中文 Splitter fixture › keeps lazy values unchanged while dragging and commits on pointerup
[79/576] [desktop] › e2e/docs-component-smoke.spec.ts:126:9 › Chinese Ready component routes › /components/icon loads without runtime errors
[80/576] [desktop] › e2e/dnd-splitter.spec.ts:712:7 › QG2 中文 Splitter fixture › commits lazy values after a trusted Chromium touch sequence
[81/576] [desktop] › e2e/docs-component-smoke.spec.ts:126:9 › Chinese Ready component routes › /components/button loads without runtime errors
[82/576] [desktop] › e2e/dnd-splitter.spec.ts:747:7 › QG2 中文 Splitter fixture › runs the lazy touch state machine with scripted PointerEvents in mobile WebKit
[83/576] [desktop] › e2e/docs-component-smoke.spec.ts:126:9 › Chinese Ready component routes › /components/space loads without runtime errors
[84/576] [desktop] › e2e/dnd-splitter.spec.ts:780:7 › QG2 中文 Splitter fixture › drags across the iframe and restores the document after pointerup
[85/576] [desktop] › e2e/docs-component-smoke.spec.ts:126:9 › Chinese Ready component routes › /components/flex loads without runtime errors
[86/576] [desktop] › e2e/dnd-splitter.spec.ts:802:7 › QG2 中文 Splitter fixture › cleans up on pointercancel and commits a subsequent pointer drag
[87/576] [desktop] › e2e/docs-component-smoke.spec.ts:126:9 › Chinese Ready component routes › /components/grid loads without runtime errors
[88/576] [desktop] › e2e/dnd-splitter.spec.ts:836:7 › QG2 中文 Splitter fixture › cancels on window blur and cleans up when unmounted during a resize
[89/576] [desktop] › e2e/docs-component-smoke.spec.ts:126:9 › Chinese Ready component routes › /components/divider loads without runtime errors
[90/576] [desktop] › e2e/docs-component-smoke.spec.ts:126:9 › Chinese Ready component routes › /components/menu loads without runtime errors
[91/576] [desktop] › e2e/dnd-splitter.spec.ts:860:7 › QG2 中文 Splitter fixture › cleans global drag state when navigating between Splitter and DnD
[92/576] [desktop] › e2e/docs-component-smoke.spec.ts:126:9 › Chinese Ready component routes › /components/tabs loads without runtime errors
[93/576] [desktop] › e2e/dnd-splitter.spec.ts:898:7 › QG2 中文 Splitter fixture › navigates between DnD and Splitter through the real sidebar without runtime errors
[94/576] [desktop] › e2e/docs-component-smoke.spec.ts:126:9 › Chinese Ready component routes › /components/breadcrumb loads without runtime errors
[95/576] [desktop] › e2e/dnd-splitter.spec.ts:920:7 › QG2 中文 Splitter fixture › updates from external InputNumber and keeps a visible iframe in the splitter
[96/576] [desktop] › e2e/docs-component-smoke.spec.ts:126:9 › Chinese Ready component routes › /components/steps loads without runtime errors
[97/576] [desktop] › e2e/dnd-splitter.spec.ts:930:7 › QG2 中文 Splitter fixture › clamps mobile external sizes to the measured splitter container
[98/576] [desktop] › e2e/docs-component-smoke.spec.ts:126:9 › Chinese Ready component routes › /components/dropdown loads without runtime errors
[99/576] [desktop] › e2e/dnd-splitter.spec.ts:963:7 › QG2 中文 Splitter fixture › renders the panel API table and keeps mobile controlled sizes inside the fixture
[100/576] [desktop] › e2e/docs-component-smoke.spec.ts:126:9 › Chinese Ready component routes › /components/input loads without runtime errors
[101/576] [desktop] › e2e/dnd-splitter.spec.ts:973:7 › QG2 中文 Splitter fixture › cleans up and remounts the splitter demos
[102/576] [desktop] › e2e/docs-component-smoke.spec.ts:126:9 › Chinese Ready component routes › /components/textarea loads without runtime errors
[103/576] [desktop] › e2e/docs-information-architecture.spec.ts:3:5 › desktop docs organizes components into eight capability domains
[104/576] [desktop] › e2e/docs-component-smoke.spec.ts:126:9 › Chinese Ready component routes › /components/input-number loads without runtime errors
[105/576] [desktop] › e2e/docs-information-architecture.spec.ts:18:5 › component pages show product context and package ownership
[106/576] [desktop] › e2e/docs-component-smoke.spec.ts:126:9 › Chinese Ready component routes › /components/select loads without runtime errors
[107/576] [desktop] › e2e/docs-information-architecture.spec.ts:29:5 › mobile overview keeps capability domains readable
[108/576] [desktop] › e2e/docs-information-architecture.spec.ts:40:5 › Chinese documentation shell and status copy stay localized
[109/576] [desktop] › e2e/docs-component-smoke.spec.ts:126:9 › Chinese Ready component routes › /components/checkbox loads without runtime errors
[110/576] [desktop] › e2e/feedback-services.spec.ts:43:5 › Message workbench exercises real service entry, updates, stacking, destroy, and reset
[111/576] [desktop] › e2e/docs-component-smoke.spec.ts:126:9 › Chinese Ready component routes › /components/radio loads without runtime errors
[112/576] [desktop] › e2e/feedback-services.spec.ts:80:5 › Modal workbench covers async success, failure recovery, Escape focus, and controlled close rejection
[113/576] [desktop] › e2e/docs-component-smoke.spec.ts:126:9 › Chinese Ready component routes › /components/switch loads without runtime errors
[114/576] [desktop] › e2e/docs-component-smoke.spec.ts:126:9 › Chinese Ready component routes › /components/date-picker loads without runtime errors
[115/576] [desktop] › e2e/docs-component-smoke.spec.ts:126:9 › Chinese Ready component routes › /components/time-picker loads without runtime errors
[116/576] [desktop] › e2e/form-engine.spec.ts:3:5 › account form validates dependencies and recovers from server field errors
[117/576] [desktop] › e2e/docs-component-smoke.spec.ts:126:9 › Chinese Ready component routes › /components/cascader loads without runtime errors
[118/576] [desktop] › e2e/docs-component-smoke.spec.ts:126:9 › Chinese Ready component routes › /components/tree-select loads without runtime errors
[119/576] [desktop] › e2e/overlay-motion.spec.ts:11:7 › /components/modal uses a presence phase for its floating surface
[120/576] [desktop] › e2e/docs-component-smoke.spec.ts:126:9 › Chinese Ready component routes › /components/upload loads without runtime errors
[121/576] [desktop] › e2e/overlay-motion.spec.ts:11:7 › /components/drawer uses a presence phase for its floating surface
[122/576] [desktop] › e2e/docs-component-smoke.spec.ts:126:9 › Chinese Ready component routes › /components/form loads without runtime errors
[123/576] [desktop] › e2e/overlay-motion.spec.ts:11:7 › /components/dropdown uses a presence phase for its floating surface
[124/576] [desktop] › e2e/docs-component-smoke.spec.ts:126:9 › Chinese Ready component routes › /components/table loads without runtime errors
[125/576] [desktop] › e2e/overlay-motion.spec.ts:11:7 › /components/popover uses a presence phase for its floating surface
[126/576] [desktop] › e2e/docs-component-smoke.spec.ts:126:9 › Chinese Ready component routes › /components/pagination loads without runtime errors
[127/576] [desktop] › e2e/overlay-motion.spec.ts:51:5 › reduced motion settles modal presence without a delayed leave phase
[128/576] [desktop] › e2e/docs-component-smoke.spec.ts:126:9 › Chinese Ready component routes › /components/tree loads without runtime errors
[129/576] [desktop] › e2e/docs-component-smoke.spec.ts:126:9 › Chinese Ready component routes › /components/descriptions loads without runtime errors
[130/576] [desktop] › e2e/q2-navigation-overlays.spec.ts:19:5 › warning and danger buttons keep visible labels and accessible contrast
[131/576] [desktop] › e2e/docs-component-smoke.spec.ts:126:9 › Chinese Ready component routes › /components/card loads without runtime errors
[132/576] [desktop] › e2e/q2-navigation-overlays.spec.ts:43:5 › horizontal dark menu is marker-free and geometrically aligned
[133/576] [desktop] › e2e/docs-component-smoke.spec.ts:126:9 › Chinese Ready component routes › /components/tag loads without runtime errors
[134/576] [desktop] › e2e/q2-navigation-overlays.spec.ts:81:5 › steps connectors stay centered for small vertical and default horizontal layouts
[135/576] [desktop] › e2e/docs-component-smoke.spec.ts:126:9 › Chinese Ready component routes › /components/badge loads without runtime errors
[136/576] [desktop] › e2e/q2-navigation-overlays.spec.ts:102:5 › inline submenu keeps a measured leave transition
[137/576] [desktop] › e2e/docs-component-smoke.spec.ts:126:9 › Chinese Ready component routes › /components/empty loads without runtime errors
[138/576] [desktop] › e2e/q2-navigation-overlays.spec.ts:128:5 › dropdown uses real viewport coordinates and restores focus on Escape
[139/576] [desktop] › e2e/docs-component-smoke.spec.ts:126:9 › Chinese Ready component routes › /components/spin loads without runtime errors
[140/576] [desktop] › e2e/q2-navigation-overlays.spec.ts:157:5 › modal closes from the visible background and restores its trigger
[141/576] [desktop] › e2e/docs-component-smoke.spec.ts:126:9 › Chinese Ready component routes › /components/skeleton loads without runtime errors
[142/576] [desktop] › e2e/docs-component-smoke.spec.ts:126:9 › Chinese Ready component routes › /components/alert loads without runtime errors
[143/576] [desktop] › e2e/q2-navigation-overlays.spec.ts:174:5 › popconfirm renders readable confirmation actions
[144/576] [desktop] › e2e/docs-component-smoke.spec.ts:126:9 › Chinese Ready component routes › /components/message loads without runtime errors
[145/576] [desktop] › e2e/q3-form-controls.spec.ts:5:5 › InputNumber and Textarea demos expose live, editable state
[146/576] [desktop] › e2e/docs-component-smoke.spec.ts:126:9 › Chinese Ready component routes › /components/modal loads without runtime errors
[147/576] [desktop] › e2e/q3-form-controls.spec.ts:23:5 › Select supports real popup selection, multiple removal, clear, and loading feedback
[148/576] [desktop] › e2e/docs-component-smoke.spec.ts:126:9 › Chinese Ready component routes › /components/drawer loads without runtime errors
[149/576] [desktop] › e2e/q3-form-controls.spec.ts:44:5 › Checkbox and Switch expose native state, loading feedback, and keyboard operation
[150/576] [desktop] › e2e/docs-component-smoke.spec.ts:126:9 › Chinese Ready component routes › /components/tooltip loads without runtime errors
[151/576] [desktop] › e2e/docs-component-smoke.spec.ts:126:9 › Chinese Ready component routes › /components/popover loads without runtime errors
[152/576] [desktop] › e2e/q3-form-controls.spec.ts:70:5 › InputNumber spinner preserves the visual order of addons and controls
[153/576] [desktop] › e2e/docs-component-smoke.spec.ts:126:9 › Chinese Ready component routes › /components/popconfirm loads without runtime errors
[154/576] [desktop] › e2e/q3-form-controls.spec.ts:87:5 › TimePicker defaults to one-minute steps and supports configured steps and confirmation
[155/576] [desktop] › e2e/docs-component-smoke.spec.ts:126:9 › Chinese Ready component routes › /components/splitter loads without runtime errors
[156/576] [desktop] › e2e/q3-form-controls.spec.ts:118:5 › Cascader and TreeSelect overlays align controls and remain marker-free
[157/576] [desktop] › e2e/docs-component-smoke.spec.ts:126:9 › Chinese Ready component routes › /components/dnd loads without runtime errors
[158/576] [desktop] › e2e/docs-component-smoke.spec.ts:126:9 › Chinese Ready component routes › /components/ai loads without runtime errors
[159/576] [desktop] › e2e/q3-form-controls.spec.ts:143:5 › Cascader reports lazy-loading progress before rendering loaded children
[160/576] [desktop] › e2e/docs-component-smoke.spec.ts:126:9 › Chinese Ready component routes › /components/ai-form loads without runtime errors
[161/576] [desktop] › e2e/docs-component-smoke.spec.ts:126:9 › Chinese Ready component routes › /components/ai-agent-workbench loads without runtime errors
[162/576] [desktop] › e2e/q3-form-controls.spec.ts:156:5 › Q3 controls preserve sizing, status colors, theme states, and visible keyboard focus
[163/576] [desktop] › e2e/q4-data-forms.spec.ts:12:5 › Form waits for async validation, reports errors, succeeds, and resets
[164/576] [desktop] › e2e/q3-form-controls.spec.ts:204:5 › coarse-pointer controls provide reachable touch targets and reveal cascader columns
[165/576] [desktop] › e2e/q5-ai-product-suite.spec.ts:7:5 › AIChatPanel supports prompts, failure recovery, editing, and conversation switching
[166/576] [desktop] › e2e/q4-data-forms.spec.ts:35:5 › Table supports sorting, selection, expansion, pagination, and server page records
[167/576] [desktop] › e2e/q4-data-forms.spec.ts:63:5 › Pagination updates current, page size, and quick jump state without baseline drift
[168/576] [desktop] › e2e/q5-ai-product-suite.spec.ts:40:5 › AIChatPanel stops a live stream without accepting late output
[169/576] [desktop] › e2e/q4-data-forms.spec.ts:87:5 › Q4 layouts remain readable and keyboard-visible on narrow screens
[170/576] [desktop] › e2e/q5-ai-product-suite.spec.ts:52:5 › AIForm groups fields, focuses validation, and exposes async submission states
[171/576] [desktop] › e2e/qg1-quality-matrix.spec.ts:82:7 › QG1 quality matrix usability › desktop shows product tasks inside the component column without adding columns
[172/576] [desktop] › e2e/q5-ai-product-suite.spec.ts:72:5 › Agent workbench completes approval and controlled artifact preview workflows
[173/576] [desktop] › e2e/qg1-quality-matrix.spec.ts:96:7 › QG1 quality matrix usability › desktop matrix uses the available width and keeps every table discoverable
[174/576] [desktop] › e2e/q5-ai-product-suite.spec.ts:95:5 › AI product surfaces remain operable on mobile
[175/576] [desktop] › e2e/qg1-ready-component-contracts.spec.ts:48:9 › QG1 Ready component contracts › splitter exposes its Chinese product route and component entry
[176/576] [desktop] › e2e/qg1-quality-matrix.spec.ts:107:7 › QG1 quality matrix usability › mobile matrix exposes named regions and every table keeps context at max scroll
[177/576] [desktop] › e2e/time-picker-range.spec.ts:8:5 › TimePicker separates display and value formats and keeps disabled options out of the list
[178/576] [desktop] › e2e/qg1-ready-component-contracts.spec.ts:48:9 › QG1 Ready component contracts › dropdown exposes its Chinese product route and component entry
[179/576] [desktop] › e2e/time-picker-range.spec.ts:17:5 › TimeRangePicker completes one coordinated range draft
[180/576] [desktop] › e2e/qg1-ready-component-contracts.spec.ts:48:9 › QG1 Ready component contracts › date-picker exposes its Chinese product route and component entry
[181/576] [desktop] › e2e/time-picker-range.spec.ts:33:5 › TimeRangePicker remains reachable on mobile
[182/576] [desktop] › e2e/qg1-ready-component-contracts.spec.ts:48:9 › QG1 Ready component contracts › time-picker exposes its Chinese product route and component entry
[183/576] [desktop] › e2e/tree.spec.ts:5:5 › Tree workbench keeps controlled keys, focus, keyboard navigation, and disabled states observable
[184/576] [desktop] › e2e/qg1-ready-component-contracts.spec.ts:48:9 › QG1 Ready component contracts › upload exposes its Chinese product route and component entry
[185/576] [desktop] › e2e/qg1-ready-component-contracts.spec.ts:48:9 › QG1 Ready component contracts › tree exposes its Chinese product route and component entry
[186/576] [desktop] › e2e/upload.spec.ts:46:7 › QG3 Upload browser flows › uploads a real selected file through stable progress to success
[187/576] [desktop] › e2e/qg1-ready-component-contracts.spec.ts:48:9 › QG1 Ready component contracts › tree-select exposes its Chinese product route and component entry
[188/576] [desktop] › e2e/upload.spec.ts:56:7 › QG3 Upload browser flows › fails an upload and retries it through a visible control
[189/576] [desktop] › e2e/qg1-ready-component-contracts.spec.ts:48:9 › QG1 Ready component contracts › cascader exposes its Chinese product route and component entry
[190/576] [desktop] › e2e/upload.spec.ts:70:7 › QG3 Upload browser flows › holds manual uploads until the user clicks the upload action
[191/576] [desktop] › e2e/qg1-ready-component-contracts.spec.ts:48:9 › QG1 Ready component contracts › dnd exposes its Chinese product route and component entry
[192/576] [desktop] › e2e/upload.spec.ts:81:7 › QG3 Upload browser flows › does not restore an in-flight item after removal and a late callback
[193/576] [desktop] › e2e/qg1-ready-component-contracts.spec.ts:48:9 › QG1 Ready component contracts › select exposes its Chinese product route and component entry
[194/576] [desktop] › e2e/upload.spec.ts:92:7 › QG3 Upload browser flows › prevents selection and upload actions when disabled
[195/576] [desktop] › e2e/qg1-ready-component-contracts.spec.ts:48:9 › QG1 Ready component contracts › form exposes its Chinese product route and component entry
[196/576] [desktop] › e2e/upload.spec.ts:102:7 › QG3 Upload browser flows › caps accepted files at maxCount and frees capacity after removal
[197/576] [desktop] › e2e/qg1-ready-component-contracts.spec.ts:48:9 › QG1 Ready component contracts › table exposes its Chinese product route and component entry
[198/576] [desktop] › e2e/upload.spec.ts:115:7 › QG3 Upload browser flows › keeps a rejected controlled choice invisible without blocking the next accepted choice
[199/576] [desktop] › e2e/qg1-ready-component-contracts.spec.ts:48:9 › QG1 Ready component contracts › message exposes its Chinese product route and component entry

(node:48525) Warning: The 'NO_COLOR' env is ignored due to the 'FORCE_COLOR' env being set.
(Use `node --trace-warnings ...` to show where the warning was created)

[200/576] [mobile] › e2e/a11y-visual.spec.ts:89:7 › QG4 accessibility and visual regression gates › critical and serious axe violations are zero for every target route
[201/576] [desktop] › e2e/qg1-ready-component-contracts.spec.ts:48:9 › QG1 Ready component contracts › modal exposes its Chinese product route and component entry
[202/576] [desktop] › e2e/qg1-ready-component-contracts.spec.ts:48:9 › QG1 Ready component contracts › drawer exposes its Chinese product route and component entry
[203/576] [desktop] › e2e/qg1-ready-component-contracts.spec.ts:48:9 › QG1 Ready component contracts › tooltip exposes its Chinese product route and component entry
[204/576] [desktop] › e2e/qg1-ready-component-contracts.spec.ts:48:9 › QG1 Ready component contracts › popover exposes its Chinese product route and component entry
[205/576] [desktop] › e2e/qg1-ready-component-contracts.spec.ts:48:9 › QG1 Ready component contracts › popconfirm exposes its Chinese product route and component entry
[206/576] [desktop] › e2e/qg1-ready-component-contracts.spec.ts:48:9 › QG1 Ready component contracts › ai exposes its Chinese product route and component entry
[207/576] [desktop] › e2e/qg1-ready-component-contracts.spec.ts:48:9 › QG1 Ready component contracts › ai-form exposes its Chinese product route and component entry
[208/576] [desktop] › e2e/qg1-ready-component-contracts.spec.ts:48:9 › QG1 Ready component contracts › ai-agent-workbench exposes its Chinese product route and component entry

(node:48567) Warning: The 'NO_COLOR' env is ignored due to the 'FORCE_COLOR' env being set.
(Use `node --trace-warnings ...` to show where the warning was created)

[209/576] [mobile] › e2e/agent-workbench.spec.ts:3:5 › desktop workbench renders resizable three-pane layout
[210/576] [mobile] › e2e/agent-workbench.spec.ts:12:5 › mobile workbench opens execution drawer from tabs
[211/576] [mobile] › e2e/a11y-visual.spec.ts:96:7 › QG4 accessibility and visual regression gates › critical and serious axe violations are zero for opened overlays
[212/576] [mobile] › e2e/agent-workbench.spec.ts:22:5 › mobile workbench tabs provide 40px targets and arrow-key activation
[213/576] [mobile] › e2e/config-provider.spec.ts:5:5 › ConfigProvider workbench updates real descendants across locale, size, disabled, theme, and nesting
[214/576] [mobile] › e2e/cross-browser-production.spec.ts:58:3 › QG5 production cross-browser gates › production assets load and interactive routes hydrate without runtime errors
[215/576] [mobile] › e2e/a11y-visual.spec.ts:117:7 › QG4 accessibility and visual regression gates › evidence manifest binds QG4 coverage to the project and reviewed commit
[216/576] [mobile] › e2e/a11y-visual.spec.ts:137:7 › QG4 accessibility and visual regression gates › production routes hydrate without Vue warnings or hydration mismatches
[217/576] [mobile] › e2e/cross-browser-production.spec.ts:71:3 › QG5 production cross-browser gates › Floating UI remains visible after scrolling, resizing, and edge adjustment
[218/576] [mobile] › e2e/cross-browser-production.spec.ts:90:3 › QG5 production cross-browser gates › Teleport overlays close cleanly and restore focus
[219/576] [mobile] › e2e/cross-browser-production.spec.ts:108:3 › QG5 production cross-browser gates › mobile production surfaces stay within the viewport
[220/576] [mobile] › e2e/cross-browser-r1.spec.ts:62:7 › QG5 R1 production cross-browser smoke › Form completes async validation, correction, and reset
[221/576] [mobile] › e2e/a11y-visual.spec.ts:193:7 › QG4 accessibility and visual regression gates › target routes expose visible keyboard focus
[222/576] [mobile] › e2e/cross-browser-r1.spec.ts:80:7 › QG5 R1 production cross-browser smoke › Select selects, clears multiple values, and closes by keyboard
[223/576] [mobile] › e2e/cross-browser-r1.spec.ts:104:7 › QG5 R1 production cross-browser smoke › DatePicker commits a date-time draft and cancels a later edit
[224/576] [mobile] › e2e/cross-browser-r1.spec.ts:123:7 › QG5 R1 production cross-browser smoke › Table sorts, selects, expands, and paginates records
[225/576] [mobile] › e2e/a11y-visual.spec.ts:200:7 › QG4 accessibility and visual regression gates › Select opens, selects with the keyboard, and restores focus on Escape
[226/576] [mobile] › e2e/cross-browser-r1.spec.ts:141:7 › QG5 R1 production cross-browser smoke › Upload reports progress, recovers a failure, and enforces disabled state
[227/576] [mobile] › e2e/a11y-visual.spec.ts:221:7 › QG4 accessibility and visual regression gates › Menu supports real directional navigation, Enter selection, and Escape
[228/576] [mobile] › e2e/cross-browser-r1.spec.ts:164:7 › QG5 R1 production cross-browser smoke › Modal opens, cancels by keyboard, and restores its trigger
[229/576] [mobile] › e2e/a11y-visual.spec.ts:239:7 › QG4 accessibility and visual regression gates › Table sort button responds to keyboard activation
[230/576] [mobile] › e2e/cross-browser-r1.spec.ts:179:7 › QG5 R1 production cross-browser smoke › nested overlays close topmost-first and keep scroll and focus ownership
[231/576] [mobile] › e2e/a11y-visual.spec.ts:252:7 › QG4 accessibility and visual regression gates › Splitter separator adjusts from the keyboard and updates aria-valuenow
[232/576] [mobile] › e2e/a11y-visual.spec.ts:265:7 › QG4 accessibility and visual regression gates › Splitter mobile separator keeps a visual line while exposing a touch hit area
[233/576] [mobile] › e2e/cross-browser-r1.spec.ts:230:7 › QG5 R1 production cross-browser smoke › DnD sorts by keyboard and Splitter resizes by keyboard
[234/576] [mobile] › e2e/a11y-visual.spec.ts:288:7 › QG4 accessibility and visual regression gates › Chinese long copy remains within the viewport at 200 percent zoom
[235/576] [mobile] › e2e/cross-browser-r1.spec.ts:251:7 › QG5 R1 production cross-browser smoke › AI Workbench retries a task, completes approval, and previews an artifact
[236/576] [mobile] › e2e/d4-iframe.spec.ts:80:7 › same-origin iframe Select focus, Escape restore, and SPA unmount cleanup
[237/576] [mobile] › e2e/d4-iframe.spec.ts:80:7 › same-origin iframe TreeSelect focus, Escape restore, and SPA unmount cleanup
[238/576] [mobile] › e2e/d4-iframe.spec.ts:80:7 › same-origin iframe Cascader focus, Escape restore, and SPA unmount cleanup
[239/576] [mobile] › e2e/a11y-visual.spec.ts:310:7 › QG4 accessibility and visual regression gates › target panel text and controls remain visible and operable at 200 percent zoom
[240/576] [mobile] › e2e/d4-select-virtual.spec.ts:3:5 › Select virtual no-results message remains visible and search can recover
[241/576] [mobile] › e2e/a11y-visual.spec.ts:323:7 › QG4 accessibility and visual regression gates › AI Workbench exposes the execution and artifact state on mobile
[242/576] [mobile] › e2e/d4-select-virtual.spec.ts:36:5 › Select virtual tail, disabled navigation, dynamic height and scroll anchoring
[243/576] [mobile] › e2e/a11y-visual.spec.ts:353:7 › QG4 accessibility and visual regression gates › AI Workbench opens the pending approval directly from the mobile summary
[244/576] [mobile] › e2e/d4-select-virtual.spec.ts:109:5 › Select virtual uses iframe realm and disposes after SPA unmount
[245/576] [mobile] › e2e/a11y-visual.spec.ts:365:7 › QG4 accessibility and visual regression gates › desktop component surface screenshots match baselines
[246/576] [mobile] › e2e/d4-selection.spec.ts:3:5 › D4 Tree linked checks expose mixed state and lazy failure retry
[247/576] [mobile] › e2e/d4-selection.spec.ts:25:5 › D4 TreeSelect searching retains the full linked selection model
[248/576] [mobile] › e2e/date-picker.spec.ts:8:5 › DatePicker completes format, mode, multiple and preset workflows
[249/576] [mobile] › e2e/date-picker.spec.ts:45:5 › DatePicker keeps showTime as a confirmable draft and supports keyboard focus
[250/576] [mobile] › e2e/date-picker.spec.ts:65:5 › DatePicker remains reachable on a narrow viewport
[251/576] [mobile] › e2e/date-picker.spec.ts:105:5 › DatePicker does not widen the mobile page under wider font metrics
[252/576] [mobile] › e2e/a11y-visual.spec.ts:377:7 › QG4 accessibility and visual regression gates › mobile component surface screenshots match baselines
[253/576] [mobile] › e2e/date-picker.spec.ts:124:5 › DatePicker keeps the mobile showTime footer interactive under wider font metrics
[254/576] [mobile] › e2e/date-picker.spec.ts:142:5 › DatePicker uses a coherent dark popup surface
[255/576] [mobile] › e2e/date-range-picker.spec.ts:8:5 › DateRangePicker completes a range with one coordinated popup
[256/576] [mobile] › e2e/date-range-picker.spec.ts:33:5 › DateRangePicker keeps date-time edits draft-only until confirmation
[257/576] [mobile] › e2e/date-range-picker.spec.ts:53:5 › DateRangePicker stays within the mobile viewport with a fixed action area
[258/576] [mobile] › e2e/a11y-visual.spec.ts:389:7 › QG4 accessibility and visual regression gates › reduced motion disables transition and animation durations
[259/576] [mobile] › e2e/dnd-splitter.spec.ts:133:7 › QG2 中文 DnD fixture › exposes same-list keyboard sorting, counts, status, and live region
[260/576] [mobile] › e2e/dnd-splitter.spec.ts:148:7 › QG2 中文 DnD fixture › sorts from a focused handle with Alt+Arrow and restores focus to that handle
[261/576] [mobile] › e2e/dnd-splitter.spec.ts:160:7 › QG2 中文 DnD fixture › moves a focused handle across compatible lists with Alt+Arrow and announces the destination
[262/576] [mobile] › e2e/dnd-splitter.spec.ts:176:7 › QG2 中文 DnD fixture › uses an accessible deep-blue color for DnD status text without changing the handle focus color
[263/576] [mobile] › e2e/dnd-splitter.spec.ts:183:7 › QG2 中文 DnD fixture › reorders a list once with a real pointer drag
[264/576] [mobile] › e2e/dnd-splitter.spec.ts:192:7 › QG2 中文 DnD fixture › keeps legacy desktop whole-item native dragging without handleProps
[265/576] [mobile] › e2e/dnd-splitter.spec.ts:202:7 › QG2 中文 DnD fixture › reorders from a trusted Chromium touch sequence on the handle
[266/576] [mobile] › e2e/docs-component-smoke.spec.ts:25:5 › component lists and tables are isolated from VitePress content styles
[267/576] [mobile] › e2e/dnd-splitter.spec.ts:238:7 › QG2 中文 DnD fixture › naturally scrolls from trusted Chromium touch input on item content without sorting
[268/576] [mobile] › e2e/docs-component-smoke.spec.ts:56:5 › form control demos update their visible state
[269/576] [mobile] › e2e/dnd-splitter.spec.ts:268:7 › QG2 中文 DnD fixture › runs the touch handle state machine with scripted PointerEvents in mobile WebKit
[270/576] [mobile] › e2e/dnd-splitter.spec.ts:301:7 › QG2 中文 DnD fixture › moves across lists and accepts an empty destination with a real pointer drag
[271/576] [mobile] › e2e/docs-component-smoke.spec.ts:97:5 › feedback demos execute instead of throwing runtime errors
[272/576] [mobile] › e2e/dnd-splitter.spec.ts:323:7 › QG2 中文 DnD fixture › moves a trusted Chromium touch handle across a non-empty list and then into an empty list exactly once per list
[273/576] [mobile] › e2e/docs-component-smoke.spec.ts:113:5 › icon documentation loads without runtime errors
[274/576] [mobile] › e2e/dnd-splitter.spec.ts:364:7 › QG2 中文 DnD fixture › keeps disabled and rejected destinations unchanged
[275/576] [mobile] › e2e/docs-component-smoke.spec.ts:126:9 › Chinese Ready component routes › /components/config-provider loads without runtime errors
[276/576] [mobile] › e2e/docs-component-smoke.spec.ts:126:9 › Chinese Ready component routes › /components/typography loads without runtime errors
[277/576] [mobile] › e2e/docs-component-smoke.spec.ts:126:9 › Chinese Ready component routes › /components/icon loads without runtime errors
[278/576] [mobile] › e2e/docs-component-smoke.spec.ts:126:9 › Chinese Ready component routes › /components/button loads without runtime errors
[279/576] [mobile] › e2e/docs-component-smoke.spec.ts:126:9 › Chinese Ready component routes › /components/space loads without runtime errors
[280/576] [mobile] › e2e/docs-component-smoke.spec.ts:126:9 › Chinese Ready component routes › /components/flex loads without runtime errors
[281/576] [mobile] › e2e/docs-component-smoke.spec.ts:126:9 › Chinese Ready component routes › /components/grid loads without runtime errors
[282/576] [mobile] › e2e/docs-component-smoke.spec.ts:126:9 › Chinese Ready component routes › /components/divider loads without runtime errors
[283/576] [mobile] › e2e/docs-component-smoke.spec.ts:126:9 › Chinese Ready component routes › /components/menu loads without runtime errors
[284/576] [mobile] › e2e/docs-component-smoke.spec.ts:126:9 › Chinese Ready component routes › /components/tabs loads without runtime errors
[285/576] [mobile] › e2e/docs-component-smoke.spec.ts:126:9 › Chinese Ready component routes › /components/breadcrumb loads without runtime errors
[286/576] [mobile] › e2e/docs-component-smoke.spec.ts:126:9 › Chinese Ready component routes › /components/steps loads without runtime errors
[287/576] [mobile] › e2e/dnd-splitter.spec.ts:399:7 › QG2 中文 DnD fixture › rejects trusted Chromium touch moves to disabled and different-group lists without leaving drag UI behind
[288/576] [mobile] › e2e/docs-component-smoke.spec.ts:126:9 › Chinese Ready component routes › /components/dropdown loads without runtime errors
[289/576] [mobile] › e2e/docs-component-smoke.spec.ts:126:9 › Chinese Ready component routes › /components/input loads without runtime errors
[290/576] [mobile] › e2e/docs-component-smoke.spec.ts:126:9 › Chinese Ready component routes › /components/textarea loads without runtime errors
[291/576] [mobile] › e2e/docs-component-smoke.spec.ts:126:9 › Chinese Ready component routes › /components/input-number loads without runtime errors
[292/576] [mobile] › e2e/docs-component-smoke.spec.ts:126:9 › Chinese Ready component routes › /components/select loads without runtime errors
[293/576] [mobile] › e2e/docs-component-smoke.spec.ts:126:9 › Chinese Ready component routes › /components/checkbox loads without runtime errors
[294/576] [mobile] › e2e/docs-component-smoke.spec.ts:126:9 › Chinese Ready component routes › /components/radio loads without runtime errors
[295/576] [mobile] › e2e/docs-component-smoke.spec.ts:126:9 › Chinese Ready component routes › /components/switch loads without runtime errors
[296/576] [mobile] › e2e/docs-component-smoke.spec.ts:126:9 › Chinese Ready component routes › /components/date-picker loads without runtime errors
[297/576] [mobile] › e2e/docs-component-smoke.spec.ts:126:9 › Chinese Ready component routes › /components/time-picker loads without runtime errors
[298/576] [mobile] › e2e/docs-component-smoke.spec.ts:126:9 › Chinese Ready component routes › /components/cascader loads without runtime errors
[299/576] [mobile] › e2e/docs-component-smoke.spec.ts:126:9 › Chinese Ready component routes › /components/tree-select loads without runtime errors
[300/576] [mobile] › e2e/docs-component-smoke.spec.ts:126:9 › Chinese Ready component routes › /components/upload loads without runtime errors
[301/576] [mobile] › e2e/docs-component-smoke.spec.ts:126:9 › Chinese Ready component routes › /components/form loads without runtime errors
[302/576] [mobile] › e2e/dnd-splitter.spec.ts:444:7 › QG2 中文 DnD fixture › keeps the mobile workbench readable and its states explicit
[303/576] [mobile] › e2e/docs-component-smoke.spec.ts:126:9 › Chinese Ready component routes › /components/table loads without runtime errors
[304/576] [mobile] › e2e/docs-component-smoke.spec.ts:126:9 › Chinese Ready component routes › /components/pagination loads without runtime errors
[305/576] [mobile] › e2e/docs-component-smoke.spec.ts:126:9 › Chinese Ready component routes › /components/tree loads without runtime errors
[306/576] [mobile] › e2e/docs-component-smoke.spec.ts:126:9 › Chinese Ready component routes › /components/descriptions loads without runtime errors
[307/576] [mobile] › e2e/docs-component-smoke.spec.ts:126:9 › Chinese Ready component routes › /components/card loads without runtime errors
[308/576] [mobile] › e2e/docs-component-smoke.spec.ts:126:9 › Chinese Ready component routes › /components/tag loads without runtime errors
[309/576] [mobile] › e2e/docs-component-smoke.spec.ts:126:9 › Chinese Ready component routes › /components/badge loads without runtime errors
[310/576] [mobile] › e2e/docs-component-smoke.spec.ts:126:9 › Chinese Ready component routes › /components/empty loads without runtime errors
[311/576] [mobile] › e2e/docs-component-smoke.spec.ts:126:9 › Chinese Ready component routes › /components/spin loads without runtime errors
[312/576] [mobile] › e2e/docs-component-smoke.spec.ts:126:9 › Chinese Ready component routes › /components/skeleton loads without runtime errors
[313/576] [mobile] › e2e/docs-component-smoke.spec.ts:126:9 › Chinese Ready component routes › /components/alert loads without runtime errors
[314/576] [mobile] › e2e/dnd-splitter.spec.ts:462:7 › QG2 中文 DnD fixture › keeps item content scrollable during scripted touch events in mobile WebKit while only the handle disables touch gestures
[315/576] [mobile] › e2e/docs-component-smoke.spec.ts:126:9 › Chinese Ready component routes › /components/message loads without runtime errors
[316/576] [mobile] › e2e/docs-component-smoke.spec.ts:126:9 › Chinese Ready component routes › /components/modal loads without runtime errors
[317/576] [mobile] › e2e/docs-component-smoke.spec.ts:126:9 › Chinese Ready component routes › /components/drawer loads without runtime errors
[318/576] [mobile] › e2e/docs-component-smoke.spec.ts:126:9 › Chinese Ready component routes › /components/tooltip loads without runtime errors
[319/576] [mobile] › e2e/docs-component-smoke.spec.ts:126:9 › Chinese Ready component routes › /components/popover loads without runtime errors
[320/576] [mobile] › e2e/docs-component-smoke.spec.ts:126:9 › Chinese Ready component routes › /components/popconfirm loads without runtime errors
[321/576] [mobile] › e2e/docs-component-smoke.spec.ts:126:9 › Chinese Ready component routes › /components/splitter loads without runtime errors
[322/576] [mobile] › e2e/docs-component-smoke.spec.ts:126:9 › Chinese Ready component routes › /components/dnd loads without runtime errors
[323/576] [mobile] › e2e/docs-component-smoke.spec.ts:126:9 › Chinese Ready component routes › /components/ai loads without runtime errors
[324/576] [mobile] › e2e/docs-component-smoke.spec.ts:126:9 › Chinese Ready component routes › /components/ai-form loads without runtime errors
[325/576] [mobile] › e2e/dnd-splitter.spec.ts:526:7 › QG2 中文 DnD fixture › auto-scrolls a nested region and cancels without moving
[326/576] [mobile] › e2e/docs-component-smoke.spec.ts:126:9 › Chinese Ready component routes › /components/ai-agent-workbench loads without runtime errors
[327/576] [mobile] › e2e/docs-information-architecture.spec.ts:3:5 › desktop docs organizes components into eight capability domains
[328/576] [mobile] › e2e/docs-information-architecture.spec.ts:18:5 › component pages show product context and package ownership
[329/576] [mobile] › e2e/docs-information-architecture.spec.ts:29:5 › mobile overview keeps capability domains readable
[330/576] [mobile] › e2e/dnd-splitter.spec.ts:549:7 › QG2 中文 DnD fixture › hands auto-scroll from an exhausted inner region to its outer ancestor
[331/576] [mobile] › e2e/docs-information-architecture.spec.ts:40:5 › Chinese documentation shell and status copy stay localized
[332/576] [mobile] › e2e/dnd-splitter.spec.ts:573:7 › QG2 中文 DnD fixture › unmounts and remounts without stale drag state
[333/576] [mobile] › e2e/feedback-services.spec.ts:43:5 › Message workbench exercises real service entry, updates, stacking, destroy, and reset
[334/576] [mobile] › e2e/dnd-splitter.spec.ts:606:7 › QG2 中文 Splitter fixture › renders horizontal, vertical, and three-panel splitters with state output
[335/576] [mobile] › e2e/feedback-services.spec.ts:80:5 › Modal workbench covers async success, failure recovery, Escape focus, and controlled close rejection
[336/576] [mobile] › e2e/dnd-splitter.spec.ts:664:7 › QG2 中文 Splitter fixture › enforces percentage bounds and recomputes them after container resize
[337/576] [mobile] › e2e/dnd-splitter.spec.ts:687:7 › QG2 中文 Splitter fixture › keeps lazy values unchanged while dragging and commits on pointerup
[338/576] [mobile] › e2e/dnd-splitter.spec.ts:712:7 › QG2 中文 Splitter fixture › commits lazy values after a trusted Chromium touch sequence
[339/576] [mobile] › e2e/form-engine.spec.ts:3:5 › account form validates dependencies and recovers from server field errors
[340/576] [mobile] › e2e/dnd-splitter.spec.ts:747:7 › QG2 中文 Splitter fixture › runs the lazy touch state machine with scripted PointerEvents in mobile WebKit
[341/576] [mobile] › e2e/dnd-splitter.spec.ts:780:7 › QG2 中文 Splitter fixture › drags across the iframe and restores the document after pointerup
[342/576] [mobile] › e2e/overlay-motion.spec.ts:11:7 › /components/modal uses a presence phase for its floating surface
[343/576] [mobile] › e2e/overlay-motion.spec.ts:11:7 › /components/drawer uses a presence phase for its floating surface
[344/576] [mobile] › e2e/overlay-motion.spec.ts:11:7 › /components/dropdown uses a presence phase for its floating surface
[345/576] [mobile] › e2e/overlay-motion.spec.ts:11:7 › /components/popover uses a presence phase for its floating surface
[346/576] [mobile] › e2e/overlay-motion.spec.ts:51:5 › reduced motion settles modal presence without a delayed leave phase
[347/576] [mobile] › e2e/q2-navigation-overlays.spec.ts:19:5 › warning and danger buttons keep visible labels and accessible contrast
[348/576] [mobile] › e2e/dnd-splitter.spec.ts:802:7 › QG2 中文 Splitter fixture › cleans up on pointercancel and commits a subsequent pointer drag
[349/576] [mobile] › e2e/q2-navigation-overlays.spec.ts:43:5 › horizontal dark menu is marker-free and geometrically aligned
[350/576] [mobile] › e2e/dnd-splitter.spec.ts:836:7 › QG2 中文 Splitter fixture › cancels on window blur and cleans up when unmounted during a resize
[351/576] [mobile] › e2e/q2-navigation-overlays.spec.ts:81:5 › steps connectors stay centered for small vertical and default horizontal layouts
[352/576] [mobile] › e2e/dnd-splitter.spec.ts:860:7 › QG2 中文 Splitter fixture › cleans global drag state when navigating between Splitter and DnD
[353/576] [mobile] › e2e/q2-navigation-overlays.spec.ts:102:5 › inline submenu keeps a measured leave transition
[354/576] [mobile] › e2e/q2-navigation-overlays.spec.ts:128:5 › dropdown uses real viewport coordinates and restores focus on Escape
[355/576] [mobile] › e2e/dnd-splitter.spec.ts:898:7 › QG2 中文 Splitter fixture › navigates between DnD and Splitter through the real sidebar without runtime errors
[356/576] [mobile] › e2e/q2-navigation-overlays.spec.ts:157:5 › modal closes from the visible background and restores its trigger
[357/576] [mobile] › e2e/dnd-splitter.spec.ts:920:7 › QG2 中文 Splitter fixture › updates from external InputNumber and keeps a visible iframe in the splitter
[358/576] [mobile] › e2e/dnd-splitter.spec.ts:930:7 › QG2 中文 Splitter fixture › clamps mobile external sizes to the measured splitter container
[359/576] [mobile] › e2e/q2-navigation-overlays.spec.ts:174:5 › popconfirm renders readable confirmation actions
[360/576] [mobile] › e2e/dnd-splitter.spec.ts:963:7 › QG2 中文 Splitter fixture › renders the panel API table and keeps mobile controlled sizes inside the fixture
[361/576] [mobile] › e2e/q3-form-controls.spec.ts:5:5 › InputNumber and Textarea demos expose live, editable state
[362/576] [mobile] › e2e/dnd-splitter.spec.ts:973:7 › QG2 中文 Splitter fixture › cleans up and remounts the splitter demos
[363/576] [mobile] › e2e/q3-form-controls.spec.ts:23:5 › Select supports real popup selection, multiple removal, clear, and loading feedback
[364/576] [mobile] › e2e/q4-data-forms.spec.ts:12:5 › Form waits for async validation, reports errors, succeeds, and resets
[365/576] [mobile] › e2e/q3-form-controls.spec.ts:44:5 › Checkbox and Switch expose native state, loading feedback, and keyboard operation
[366/576] [mobile] › e2e/q4-data-forms.spec.ts:35:5 › Table supports sorting, selection, expansion, pagination, and server page records
[367/576] [mobile] › e2e/q3-form-controls.spec.ts:70:5 › InputNumber spinner preserves the visual order of addons and controls
[368/576] [mobile] › e2e/q4-data-forms.spec.ts:63:5 › Pagination updates current, page size, and quick jump state without baseline drift
[369/576] [mobile] › e2e/q3-form-controls.spec.ts:87:5 › TimePicker defaults to one-minute steps and supports configured steps and confirmation
[370/576] [mobile] › e2e/q4-data-forms.spec.ts:87:5 › Q4 layouts remain readable and keyboard-visible on narrow screens
[371/576] [mobile] › e2e/q3-form-controls.spec.ts:118:5 › Cascader and TreeSelect overlays align controls and remain marker-free
[372/576] [mobile] › e2e/q5-ai-product-suite.spec.ts:7:5 › AIChatPanel supports prompts, failure recovery, editing, and conversation switching
[373/576] [mobile] › e2e/q3-form-controls.spec.ts:143:5 › Cascader reports lazy-loading progress before rendering loaded children
[374/576] [mobile] › e2e/q5-ai-product-suite.spec.ts:40:5 › AIChatPanel stops a live stream without accepting late output
[375/576] [mobile] › e2e/q3-form-controls.spec.ts:156:5 › Q3 controls preserve sizing, status colors, theme states, and visible keyboard focus
[376/576] [mobile] › e2e/q5-ai-product-suite.spec.ts:52:5 › AIForm groups fields, focuses validation, and exposes async submission states
[377/576] [mobile] › e2e/q5-ai-product-suite.spec.ts:72:5 › Agent workbench completes approval and controlled artifact preview workflows
[378/576] [mobile] › e2e/q5-ai-product-suite.spec.ts:95:5 › AI product surfaces remain operable on mobile
[379/576] [mobile] › e2e/q3-form-controls.spec.ts:204:5 › coarse-pointer controls provide reachable touch targets and reveal cascader columns
[380/576] [mobile] › e2e/qg1-quality-matrix.spec.ts:82:7 › QG1 quality matrix usability › desktop shows product tasks inside the component column without adding columns
[381/576] [mobile] › e2e/qg1-quality-matrix.spec.ts:96:7 › QG1 quality matrix usability › desktop matrix uses the available width and keeps every table discoverable
[382/576] [mobile] › e2e/qg1-quality-matrix.spec.ts:107:7 › QG1 quality matrix usability › mobile matrix exposes named regions and every table keeps context at max scroll
[383/576] [mobile] › e2e/qg1-ready-component-contracts.spec.ts:48:9 › QG1 Ready component contracts › splitter exposes its Chinese product route and component entry
[384/576] [mobile] › e2e/time-picker-range.spec.ts:8:5 › TimePicker separates display and value formats and keeps disabled options out of the list
[385/576] [mobile] › e2e/qg1-ready-component-contracts.spec.ts:48:9 › QG1 Ready component contracts › dropdown exposes its Chinese product route and component entry
[386/576] [mobile] › e2e/time-picker-range.spec.ts:17:5 › TimeRangePicker completes one coordinated range draft
[387/576] [mobile] › e2e/qg1-ready-component-contracts.spec.ts:48:9 › QG1 Ready component contracts › date-picker exposes its Chinese product route and component entry
[388/576] [mobile] › e2e/qg1-ready-component-contracts.spec.ts:48:9 › QG1 Ready component contracts › time-picker exposes its Chinese product route and component entry
[389/576] [mobile] › e2e/time-picker-range.spec.ts:33:5 › TimeRangePicker remains reachable on mobile
[390/576] [mobile] › e2e/qg1-ready-component-contracts.spec.ts:48:9 › QG1 Ready component contracts › upload exposes its Chinese product route and component entry
[391/576] [mobile] › e2e/tree.spec.ts:5:5 › Tree workbench keeps controlled keys, focus, keyboard navigation, and disabled states observable
[392/576] [mobile] › e2e/qg1-ready-component-contracts.spec.ts:48:9 › QG1 Ready component contracts › tree exposes its Chinese product route and component entry
[393/576] [mobile] › e2e/upload.spec.ts:46:7 › QG3 Upload browser flows › uploads a real selected file through stable progress to success
[394/576] [mobile] › e2e/qg1-ready-component-contracts.spec.ts:48:9 › QG1 Ready component contracts › tree-select exposes its Chinese product route and component entry
[395/576] [mobile] › e2e/upload.spec.ts:56:7 › QG3 Upload browser flows › fails an upload and retries it through a visible control
[396/576] [mobile] › e2e/qg1-ready-component-contracts.spec.ts:48:9 › QG1 Ready component contracts › cascader exposes its Chinese product route and component entry
[397/576] [mobile] › e2e/upload.spec.ts:70:7 › QG3 Upload browser flows › holds manual uploads until the user clicks the upload action
[398/576] [mobile] › e2e/qg1-ready-component-contracts.spec.ts:48:9 › QG1 Ready component contracts › dnd exposes its Chinese product route and component entry
[399/576] [mobile] › e2e/upload.spec.ts:81:7 › QG3 Upload browser flows › does not restore an in-flight item after removal and a late callback
[400/576] [mobile] › e2e/qg1-ready-component-contracts.spec.ts:48:9 › QG1 Ready component contracts › select exposes its Chinese product route and component entry
[401/576] [mobile] › e2e/upload.spec.ts:92:7 › QG3 Upload browser flows › prevents selection and upload actions when disabled
[402/576] [mobile] › e2e/qg1-ready-component-contracts.spec.ts:48:9 › QG1 Ready component contracts › form exposes its Chinese product route and component entry
[403/576] [mobile] › e2e/upload.spec.ts:102:7 › QG3 Upload browser flows › caps accepted files at maxCount and frees capacity after removal
[404/576] [mobile] › e2e/qg1-ready-component-contracts.spec.ts:48:9 › QG1 Ready component contracts › table exposes its Chinese product route and component entry
[405/576] [mobile] › e2e/upload.spec.ts:115:7 › QG3 Upload browser flows › keeps a rejected controlled choice invisible without blocking the next accepted choice
[406/576] [mobile] › e2e/qg1-ready-component-contracts.spec.ts:48:9 › QG1 Ready component contracts › message exposes its Chinese product route and component entry
[407/576] [mobile] › e2e/qg1-ready-component-contracts.spec.ts:48:9 › QG1 Ready component contracts › modal exposes its Chinese product route and component entry

(node:49329) Warning: The 'NO_COLOR' env is ignored due to the 'FORCE_COLOR' env being set.
(Use `node --trace-warnings ...` to show where the warning was created)

[408/576] [desktop-firefox] › e2e/cross-browser-production.spec.ts:58:3 › QG5 production cross-browser gates › production assets load and interactive routes hydrate without runtime errors
[409/576] [mobile] › e2e/qg1-ready-component-contracts.spec.ts:48:9 › QG1 Ready component contracts › drawer exposes its Chinese product route and component entry
[410/576] [mobile] › e2e/qg1-ready-component-contracts.spec.ts:48:9 › QG1 Ready component contracts › tooltip exposes its Chinese product route and component entry
[411/576] [mobile] › e2e/qg1-ready-component-contracts.spec.ts:48:9 › QG1 Ready component contracts › popover exposes its Chinese product route and component entry
[412/576] [mobile] › e2e/qg1-ready-component-contracts.spec.ts:48:9 › QG1 Ready component contracts › popconfirm exposes its Chinese product route and component entry
[413/576] [desktop-firefox] › e2e/cross-browser-production.spec.ts:71:3 › QG5 production cross-browser gates › Floating UI remains visible after scrolling, resizing, and edge adjustment
[414/576] [mobile] › e2e/qg1-ready-component-contracts.spec.ts:48:9 › QG1 Ready component contracts › ai exposes its Chinese product route and component entry
[415/576] [desktop-firefox] › e2e/cross-browser-production.spec.ts:90:3 › QG5 production cross-browser gates › Teleport overlays close cleanly and restore focus
[416/576] [mobile] › e2e/qg1-ready-component-contracts.spec.ts:48:9 › QG1 Ready component contracts › ai-form exposes its Chinese product route and component entry
[417/576] [mobile] › e2e/qg1-ready-component-contracts.spec.ts:48:9 › QG1 Ready component contracts › ai-agent-workbench exposes its Chinese product route and component entry
[418/576] [desktop-firefox] › e2e/cross-browser-production.spec.ts:108:3 › QG5 production cross-browser gates › mobile production surfaces stay within the viewport
[419/576] [desktop-firefox] › e2e/cross-browser-r1.spec.ts:62:7 › QG5 R1 production cross-browser smoke › Form completes async validation, correction, and reset

(node:49650) Warning: The 'NO_COLOR' env is ignored due to the 'FORCE_COLOR' env being set.
(Use `node --trace-warnings ...` to show where the warning was created)

[420/576] [desktop-firefox] › e2e/d4-iframe.spec.ts:80:7 › same-origin iframe Select focus, Escape restore, and SPA unmount cleanup
[421/576] [desktop-firefox] › e2e/cross-browser-r1.spec.ts:80:7 › QG5 R1 production cross-browser smoke › Select selects, clears multiple values, and closes by keyboard
[422/576] [desktop-firefox] › e2e/d4-iframe.spec.ts:80:7 › same-origin iframe TreeSelect focus, Escape restore, and SPA unmount cleanup
[423/576] [desktop-firefox] › e2e/cross-browser-r1.spec.ts:104:7 › QG5 R1 production cross-browser smoke › DatePicker commits a date-time draft and cancels a later edit
[424/576] [desktop-firefox] › e2e/d4-iframe.spec.ts:80:7 › same-origin iframe Cascader focus, Escape restore, and SPA unmount cleanup
[425/576] [desktop-firefox] › e2e/d4-select-virtual.spec.ts:3:5 › Select virtual no-results message remains visible and search can recover
[426/576] [desktop-firefox] › e2e/cross-browser-r1.spec.ts:123:7 › QG5 R1 production cross-browser smoke › Table sorts, selects, expands, and paginates records
[427/576] [desktop-firefox] › e2e/d4-select-virtual.spec.ts:36:5 › Select virtual tail, disabled navigation, dynamic height and scroll anchoring
[428/576] [desktop-firefox] › e2e/cross-browser-r1.spec.ts:141:7 › QG5 R1 production cross-browser smoke › Upload reports progress, recovers a failure, and enforces disabled state
[429/576] [desktop-firefox] › e2e/d4-select-virtual.spec.ts:109:5 › Select virtual uses iframe realm and disposes after SPA unmount
[430/576] [desktop-firefox] › e2e/cross-browser-r1.spec.ts:164:7 › QG5 R1 production cross-browser smoke › Modal opens, cancels by keyboard, and restores its trigger
[431/576] [desktop-firefox] › e2e/cross-browser-r1.spec.ts:179:7 › QG5 R1 production cross-browser smoke › nested overlays close topmost-first and keep scroll and focus ownership
[432/576] [desktop-firefox] › e2e/d4-selection.spec.ts:3:5 › D4 Tree linked checks expose mixed state and lazy failure retry
[433/576] [desktop-firefox] › e2e/d4-selection.spec.ts:25:5 › D4 TreeSelect searching retains the full linked selection model
[434/576] [desktop-firefox] › e2e/cross-browser-r1.spec.ts:230:7 › QG5 R1 production cross-browser smoke › DnD sorts by keyboard and Splitter resizes by keyboard
[435/576] [desktop-firefox] › e2e/dnd-splitter.spec.ts:133:7 › QG2 中文 DnD fixture › exposes same-list keyboard sorting, counts, status, and live region
[436/576] [desktop-firefox] › e2e/dnd-splitter.spec.ts:148:7 › QG2 中文 DnD fixture › sorts from a focused handle with Alt+Arrow and restores focus to that handle
[437/576] [desktop-firefox] › e2e/cross-browser-r1.spec.ts:251:7 › QG5 R1 production cross-browser smoke › AI Workbench retries a task, completes approval, and previews an artifact
[438/576] [desktop-firefox] › e2e/dnd-splitter.spec.ts:160:7 › QG2 中文 DnD fixture › moves a focused handle across compatible lists with Alt+Arrow and announces the destination
[439/576] [desktop-firefox] › e2e/dnd-splitter.spec.ts:176:7 › QG2 中文 DnD fixture › uses an accessible deep-blue color for DnD status text without changing the handle focus color
[440/576] [desktop-firefox] › e2e/form-engine.spec.ts:3:5 › account form validates dependencies and recovers from server field errors
[441/576] [desktop-firefox] › e2e/dnd-splitter.spec.ts:183:7 › QG2 中文 DnD fixture › reorders a list once with a real pointer drag
[442/576] [desktop-firefox] › e2e/dnd-splitter.spec.ts:192:7 › QG2 中文 DnD fixture › keeps legacy desktop whole-item native dragging without handleProps

(node:49751) Warning: The 'NO_COLOR' env is ignored due to the 'FORCE_COLOR' env being set.
(Use `node --trace-warnings ...` to show where the warning was created)

[443/576] [desktop-webkit] › e2e/cross-browser-production.spec.ts:58:3 › QG5 production cross-browser gates › production assets load and interactive routes hydrate without runtime errors
[444/576] [desktop-firefox] › e2e/dnd-splitter.spec.ts:202:7 › QG2 中文 DnD fixture › reorders from a trusted Chromium touch sequence on the handle
[445/576] [desktop-firefox] › e2e/dnd-splitter.spec.ts:238:7 › QG2 中文 DnD fixture › naturally scrolls from trusted Chromium touch input on item content without sorting
[446/576] [desktop-firefox] › e2e/dnd-splitter.spec.ts:268:7 › QG2 中文 DnD fixture › runs the touch handle state machine with scripted PointerEvents in mobile WebKit
[447/576] [desktop-webkit] › e2e/cross-browser-production.spec.ts:71:3 › QG5 production cross-browser gates › Floating UI remains visible after scrolling, resizing, and edge adjustment
[448/576] [desktop-webkit] › e2e/cross-browser-production.spec.ts:90:3 › QG5 production cross-browser gates › Teleport overlays close cleanly and restore focus
[449/576] [desktop-firefox] › e2e/dnd-splitter.spec.ts:301:7 › QG2 中文 DnD fixture › moves across lists and accepts an empty destination with a real pointer drag
[450/576] [desktop-webkit] › e2e/cross-browser-production.spec.ts:108:3 › QG5 production cross-browser gates › mobile production surfaces stay within the viewport
[451/576] [desktop-webkit] › e2e/cross-browser-r1.spec.ts:62:7 › QG5 R1 production cross-browser smoke › Form completes async validation, correction, and reset
[452/576] [desktop-firefox] › e2e/dnd-splitter.spec.ts:323:7 › QG2 中文 DnD fixture › moves a trusted Chromium touch handle across a non-empty list and then into an empty list exactly once per list
[453/576] [desktop-webkit] › e2e/cross-browser-r1.spec.ts:80:7 › QG5 R1 production cross-browser smoke › Select selects, clears multiple values, and closes by keyboard
[454/576] [desktop-firefox] › e2e/dnd-splitter.spec.ts:364:7 › QG2 中文 DnD fixture › keeps disabled and rejected destinations unchanged
[455/576] [desktop-webkit] › e2e/cross-browser-r1.spec.ts:104:7 › QG5 R1 production cross-browser smoke › DatePicker commits a date-time draft and cancels a later edit
[456/576] [desktop-firefox] › e2e/dnd-splitter.spec.ts:399:7 › QG2 中文 DnD fixture › rejects trusted Chromium touch moves to disabled and different-group lists without leaving drag UI behind
[457/576] [desktop-webkit] › e2e/cross-browser-r1.spec.ts:123:7 › QG5 R1 production cross-browser smoke › Table sorts, selects, expands, and paginates records
[458/576] [desktop-firefox] › e2e/dnd-splitter.spec.ts:444:7 › QG2 中文 DnD fixture › keeps the mobile workbench readable and its states explicit
[459/576] [desktop-webkit] › e2e/cross-browser-r1.spec.ts:141:7 › QG5 R1 production cross-browser smoke › Upload reports progress, recovers a failure, and enforces disabled state
[460/576] [desktop-firefox] › e2e/dnd-splitter.spec.ts:462:7 › QG2 中文 DnD fixture › keeps item content scrollable during scripted touch events in mobile WebKit while only the handle disables touch gestures
[461/576] [desktop-webkit] › e2e/cross-browser-r1.spec.ts:164:7 › QG5 R1 production cross-browser smoke › Modal opens, cancels by keyboard, and restores its trigger
[462/576] [desktop-firefox] › e2e/dnd-splitter.spec.ts:526:7 › QG2 中文 DnD fixture › auto-scrolls a nested region and cancels without moving
[463/576] [desktop-webkit] › e2e/cross-browser-r1.spec.ts:179:7 › QG5 R1 production cross-browser smoke › nested overlays close topmost-first and keep scroll and focus ownership
[464/576] [desktop-firefox] › e2e/dnd-splitter.spec.ts:549:7 › QG2 中文 DnD fixture › hands auto-scroll from an exhausted inner region to its outer ancestor
[465/576] [desktop-firefox] › e2e/dnd-splitter.spec.ts:573:7 › QG2 中文 DnD fixture › unmounts and remounts without stale drag state
[466/576] [desktop-webkit] › e2e/cross-browser-r1.spec.ts:230:7 › QG5 R1 production cross-browser smoke › DnD sorts by keyboard and Splitter resizes by keyboard
[467/576] [desktop-firefox] › e2e/dnd-splitter.spec.ts:606:7 › QG2 中文 Splitter fixture › renders horizontal, vertical, and three-panel splitters with state output
[468/576] [desktop-webkit] › e2e/cross-browser-r1.spec.ts:251:7 › QG5 R1 production cross-browser smoke › AI Workbench retries a task, completes approval, and previews an artifact
[469/576] [desktop-firefox] › e2e/dnd-splitter.spec.ts:664:7 › QG2 中文 Splitter fixture › enforces percentage bounds and recomputes them after container resize
[470/576] [desktop-webkit] › e2e/d4-iframe.spec.ts:80:7 › same-origin iframe Select focus, Escape restore, and SPA unmount cleanup
[471/576] [desktop-webkit] › e2e/d4-iframe.spec.ts:80:7 › same-origin iframe TreeSelect focus, Escape restore, and SPA unmount cleanup
[472/576] [desktop-firefox] › e2e/dnd-splitter.spec.ts:687:7 › QG2 中文 Splitter fixture › keeps lazy values unchanged while dragging and commits on pointerup
[473/576] [desktop-webkit] › e2e/d4-iframe.spec.ts:80:7 › same-origin iframe Cascader focus, Escape restore, and SPA unmount cleanup
[474/576] [desktop-firefox] › e2e/dnd-splitter.spec.ts:712:7 › QG2 中文 Splitter fixture › commits lazy values after a trusted Chromium touch sequence
[475/576] [desktop-webkit] › e2e/d4-select-virtual.spec.ts:3:5 › Select virtual no-results message remains visible and search can recover
[476/576] [desktop-webkit] › e2e/d4-select-virtual.spec.ts:36:5 › Select virtual tail, disabled navigation, dynamic height and scroll anchoring
[477/576] [desktop-firefox] › e2e/dnd-splitter.spec.ts:747:7 › QG2 中文 Splitter fixture › runs the lazy touch state machine with scripted PointerEvents in mobile WebKit
[478/576] [desktop-webkit] › e2e/d4-select-virtual.spec.ts:109:5 › Select virtual uses iframe realm and disposes after SPA unmount
[479/576] [desktop-firefox] › e2e/dnd-splitter.spec.ts:780:7 › QG2 中文 Splitter fixture › drags across the iframe and restores the document after pointerup
[480/576] [desktop-firefox] › e2e/dnd-splitter.spec.ts:802:7 › QG2 中文 Splitter fixture › cleans up on pointercancel and commits a subsequent pointer drag
[481/576] [desktop-firefox] › e2e/dnd-splitter.spec.ts:836:7 › QG2 中文 Splitter fixture › cancels on window blur and cleans up when unmounted during a resize
[482/576] [desktop-firefox] › e2e/dnd-splitter.spec.ts:860:7 › QG2 中文 Splitter fixture › cleans global drag state when navigating between Splitter and DnD
[483/576] [desktop-firefox] › e2e/dnd-splitter.spec.ts:898:7 › QG2 中文 Splitter fixture › navigates between DnD and Splitter through the real sidebar without runtime errors
[484/576] [desktop-firefox] › e2e/dnd-splitter.spec.ts:920:7 › QG2 中文 Splitter fixture › updates from external InputNumber and keeps a visible iframe in the splitter
[485/576] [desktop-firefox] › e2e/dnd-splitter.spec.ts:930:7 › QG2 中文 Splitter fixture › clamps mobile external sizes to the measured splitter container
[486/576] [desktop-firefox] › e2e/dnd-splitter.spec.ts:963:7 › QG2 中文 Splitter fixture › renders the panel API table and keeps mobile controlled sizes inside the fixture
[487/576] [desktop-firefox] › e2e/dnd-splitter.spec.ts:973:7 › QG2 中文 Splitter fixture › cleans up and remounts the splitter demos

(node:49899) Warning: The 'NO_COLOR' env is ignored due to the 'FORCE_COLOR' env being set.
(Use `node --trace-warnings ...` to show where the warning was created)

[488/576] [desktop-webkit] › e2e/d4-selection.spec.ts:3:5 › D4 Tree linked checks expose mixed state and lazy failure retry
[489/576] [desktop-webkit] › e2e/d4-selection.spec.ts:25:5 › D4 TreeSelect searching retains the full linked selection model
[490/576] [desktop-webkit] › e2e/dnd-splitter.spec.ts:133:7 › QG2 中文 DnD fixture › exposes same-list keyboard sorting, counts, status, and live region
[491/576] [desktop-webkit] › e2e/dnd-splitter.spec.ts:148:7 › QG2 中文 DnD fixture › sorts from a focused handle with Alt+Arrow and restores focus to that handle
[492/576] [desktop-webkit] › e2e/dnd-splitter.spec.ts:160:7 › QG2 中文 DnD fixture › moves a focused handle across compatible lists with Alt+Arrow and announces the destination
[493/576] [desktop-webkit] › e2e/dnd-splitter.spec.ts:176:7 › QG2 中文 DnD fixture › uses an accessible deep-blue color for DnD status text without changing the handle focus color
[494/576] [desktop-webkit] › e2e/dnd-splitter.spec.ts:183:7 › QG2 中文 DnD fixture › reorders a list once with a real pointer drag
[495/576] [desktop-webkit] › e2e/dnd-splitter.spec.ts:192:7 › QG2 中文 DnD fixture › keeps legacy desktop whole-item native dragging without handleProps
[496/576] [desktop-webkit] › e2e/dnd-splitter.spec.ts:202:7 › QG2 中文 DnD fixture › reorders from a trusted Chromium touch sequence on the handle
[497/576] [desktop-webkit] › e2e/dnd-splitter.spec.ts:238:7 › QG2 中文 DnD fixture › naturally scrolls from trusted Chromium touch input on item content without sorting
[498/576] [desktop-webkit] › e2e/dnd-splitter.spec.ts:268:7 › QG2 中文 DnD fixture › runs the touch handle state machine with scripted PointerEvents in mobile WebKit
[499/576] [desktop-webkit] › e2e/dnd-splitter.spec.ts:301:7 › QG2 中文 DnD fixture › moves across lists and accepts an empty destination with a real pointer drag
[500/576] [desktop-webkit] › e2e/form-engine.spec.ts:3:5 › account form validates dependencies and recovers from server field errors
[501/576] [desktop-webkit] › e2e/dnd-splitter.spec.ts:323:7 › QG2 中文 DnD fixture › moves a trusted Chromium touch handle across a non-empty list and then into an empty list exactly once per list
[502/576] [desktop-webkit] › e2e/dnd-splitter.spec.ts:364:7 › QG2 中文 DnD fixture › keeps disabled and rejected destinations unchanged
[503/576] [desktop-webkit] › e2e/dnd-splitter.spec.ts:399:7 › QG2 中文 DnD fixture › rejects trusted Chromium touch moves to disabled and different-group lists without leaving drag UI behind

(node:49945) Warning: The 'NO_COLOR' env is ignored due to the 'FORCE_COLOR' env being set.
(Use `node --trace-warnings ...` to show where the warning was created)

[504/576] [mobile-webkit] › e2e/cross-browser-production.spec.ts:58:3 › QG5 production cross-browser gates › production assets load and interactive routes hydrate without runtime errors
[505/576] [desktop-webkit] › e2e/dnd-splitter.spec.ts:444:7 › QG2 中文 DnD fixture › keeps the mobile workbench readable and its states explicit
[506/576] [desktop-webkit] › e2e/dnd-splitter.spec.ts:462:7 › QG2 中文 DnD fixture › keeps item content scrollable during scripted touch events in mobile WebKit while only the handle disables touch gestures
[507/576] [desktop-webkit] › e2e/dnd-splitter.spec.ts:526:7 › QG2 中文 DnD fixture › auto-scrolls a nested region and cancels without moving
[508/576] [desktop-webkit] › e2e/dnd-splitter.spec.ts:549:7 › QG2 中文 DnD fixture › hands auto-scroll from an exhausted inner region to its outer ancestor
[509/576] [desktop-webkit] › e2e/dnd-splitter.spec.ts:573:7 › QG2 中文 DnD fixture › unmounts and remounts without stale drag state
[510/576] [mobile-webkit] › e2e/cross-browser-production.spec.ts:71:3 › QG5 production cross-browser gates › Floating UI remains visible after scrolling, resizing, and edge adjustment
[511/576] [desktop-webkit] › e2e/dnd-splitter.spec.ts:606:7 › QG2 中文 Splitter fixture › renders horizontal, vertical, and three-panel splitters with state output
[512/576] [mobile-webkit] › e2e/cross-browser-production.spec.ts:90:3 › QG5 production cross-browser gates › Teleport overlays close cleanly and restore focus
[513/576] [desktop-webkit] › e2e/dnd-splitter.spec.ts:664:7 › QG2 中文 Splitter fixture › enforces percentage bounds and recomputes them after container resize
[514/576] [mobile-webkit] › e2e/cross-browser-production.spec.ts:108:3 › QG5 production cross-browser gates › mobile production surfaces stay within the viewport
[515/576] [desktop-webkit] › e2e/dnd-splitter.spec.ts:687:7 › QG2 中文 Splitter fixture › keeps lazy values unchanged while dragging and commits on pointerup
[516/576] [desktop-webkit] › e2e/dnd-splitter.spec.ts:712:7 › QG2 中文 Splitter fixture › commits lazy values after a trusted Chromium touch sequence
[517/576] [mobile-webkit] › e2e/cross-browser-r1.spec.ts:62:7 › QG5 R1 production cross-browser smoke › Form completes async validation, correction, and reset
[518/576] [desktop-webkit] › e2e/dnd-splitter.spec.ts:747:7 › QG2 中文 Splitter fixture › runs the lazy touch state machine with scripted PointerEvents in mobile WebKit
[519/576] [desktop-webkit] › e2e/dnd-splitter.spec.ts:780:7 › QG2 中文 Splitter fixture › drags across the iframe and restores the document after pointerup
[520/576] [desktop-webkit] › e2e/dnd-splitter.spec.ts:802:7 › QG2 中文 Splitter fixture › cleans up on pointercancel and commits a subsequent pointer drag
[521/576] [mobile-webkit] › e2e/cross-browser-r1.spec.ts:80:7 › QG5 R1 production cross-browser smoke › Select selects, clears multiple values, and closes by keyboard
[522/576] [desktop-webkit] › e2e/dnd-splitter.spec.ts:836:7 › QG2 中文 Splitter fixture › cancels on window blur and cleans up when unmounted during a resize
[523/576] [desktop-webkit] › e2e/dnd-splitter.spec.ts:860:7 › QG2 中文 Splitter fixture › cleans global drag state when navigating between Splitter and DnD
[524/576] [mobile-webkit] › e2e/cross-browser-r1.spec.ts:104:7 › QG5 R1 production cross-browser smoke › DatePicker commits a date-time draft and cancels a later edit
[525/576] [desktop-webkit] › e2e/dnd-splitter.spec.ts:898:7 › QG2 中文 Splitter fixture › navigates between DnD and Splitter through the real sidebar without runtime errors
[526/576] [desktop-webkit] › e2e/dnd-splitter.spec.ts:920:7 › QG2 中文 Splitter fixture › updates from external InputNumber and keeps a visible iframe in the splitter
[527/576] [mobile-webkit] › e2e/cross-browser-r1.spec.ts:123:7 › QG5 R1 production cross-browser smoke › Table sorts, selects, expands, and paginates records
[528/576] [desktop-webkit] › e2e/dnd-splitter.spec.ts:930:7 › QG2 中文 Splitter fixture › clamps mobile external sizes to the measured splitter container
[529/576] [desktop-webkit] › e2e/dnd-splitter.spec.ts:963:7 › QG2 中文 Splitter fixture › renders the panel API table and keeps mobile controlled sizes inside the fixture
[530/576] [mobile-webkit] › e2e/cross-browser-r1.spec.ts:141:7 › QG5 R1 production cross-browser smoke › Upload reports progress, recovers a failure, and enforces disabled state
[531/576] [desktop-webkit] › e2e/dnd-splitter.spec.ts:973:7 › QG2 中文 Splitter fixture › cleans up and remounts the splitter demos

(node:50022) Warning: The 'NO_COLOR' env is ignored due to the 'FORCE_COLOR' env being set.
(Use `node --trace-warnings ...` to show where the warning was created)

[532/576] [mobile-webkit] › e2e/d4-iframe.spec.ts:80:7 › same-origin iframe Select focus, Escape restore, and SPA unmount cleanup
[533/576] [mobile-webkit] › e2e/cross-browser-r1.spec.ts:164:7 › QG5 R1 production cross-browser smoke › Modal opens, cancels by keyboard, and restores its trigger
[534/576] [mobile-webkit] › e2e/cross-browser-r1.spec.ts:179:7 › QG5 R1 production cross-browser smoke › nested overlays close topmost-first and keep scroll and focus ownership
[535/576] [mobile-webkit] › e2e/d4-iframe.spec.ts:80:7 › same-origin iframe TreeSelect focus, Escape restore, and SPA unmount cleanup
[536/576] [mobile-webkit] › e2e/d4-iframe.spec.ts:80:7 › same-origin iframe Cascader focus, Escape restore, and SPA unmount cleanup
[537/576] [mobile-webkit] › e2e/d4-select-virtual.spec.ts:3:5 › Select virtual no-results message remains visible and search can recover
[538/576] [mobile-webkit] › e2e/cross-browser-r1.spec.ts:230:7 › QG5 R1 production cross-browser smoke › DnD sorts by keyboard and Splitter resizes by keyboard
[539/576] [mobile-webkit] › e2e/d4-select-virtual.spec.ts:36:5 › Select virtual tail, disabled navigation, dynamic height and scroll anchoring
[540/576] [mobile-webkit] › e2e/cross-browser-r1.spec.ts:251:7 › QG5 R1 production cross-browser smoke › AI Workbench retries a task, completes approval, and previews an artifact
[541/576] [mobile-webkit] › e2e/d4-select-virtual.spec.ts:109:5 › Select virtual uses iframe realm and disposes after SPA unmount
[542/576] [mobile-webkit] › e2e/d4-selection.spec.ts:3:5 › D4 Tree linked checks expose mixed state and lazy failure retry
[543/576] [mobile-webkit] › e2e/d4-selection.spec.ts:25:5 › D4 TreeSelect searching retains the full linked selection model
[544/576] [mobile-webkit] › e2e/dnd-splitter.spec.ts:133:7 › QG2 中文 DnD fixture › exposes same-list keyboard sorting, counts, status, and live region
[545/576] [mobile-webkit] › e2e/dnd-splitter.spec.ts:148:7 › QG2 中文 DnD fixture › sorts from a focused handle with Alt+Arrow and restores focus to that handle
[546/576] [mobile-webkit] › e2e/dnd-splitter.spec.ts:160:7 › QG2 中文 DnD fixture › moves a focused handle across compatible lists with Alt+Arrow and announces the destination
[547/576] [mobile-webkit] › e2e/dnd-splitter.spec.ts:176:7 › QG2 中文 DnD fixture › uses an accessible deep-blue color for DnD status text without changing the handle focus color
[548/576] [mobile-webkit] › e2e/dnd-splitter.spec.ts:183:7 › QG2 中文 DnD fixture › reorders a list once with a real pointer drag
[549/576] [mobile-webkit] › e2e/dnd-splitter.spec.ts:192:7 › QG2 中文 DnD fixture › keeps legacy desktop whole-item native dragging without handleProps
[550/576] [mobile-webkit] › e2e/dnd-splitter.spec.ts:202:7 › QG2 中文 DnD fixture › reorders from a trusted Chromium touch sequence on the handle
[551/576] [mobile-webkit] › e2e/dnd-splitter.spec.ts:238:7 › QG2 中文 DnD fixture › naturally scrolls from trusted Chromium touch input on item content without sorting
[552/576] [mobile-webkit] › e2e/dnd-splitter.spec.ts:268:7 › QG2 中文 DnD fixture › runs the touch handle state machine with scripted PointerEvents in mobile WebKit
[553/576] [mobile-webkit] › e2e/dnd-splitter.spec.ts:301:7 › QG2 中文 DnD fixture › moves across lists and accepts an empty destination with a real pointer drag
[554/576] [mobile-webkit] › e2e/dnd-splitter.spec.ts:323:7 › QG2 中文 DnD fixture › moves a trusted Chromium touch handle across a non-empty list and then into an empty list exactly once per list
[555/576] [mobile-webkit] › e2e/dnd-splitter.spec.ts:364:7 › QG2 中文 DnD fixture › keeps disabled and rejected destinations unchanged
[556/576] [mobile-webkit] › e2e/dnd-splitter.spec.ts:399:7 › QG2 中文 DnD fixture › rejects trusted Chromium touch moves to disabled and different-group lists without leaving drag UI behind
[557/576] [mobile-webkit] › e2e/dnd-splitter.spec.ts:444:7 › QG2 中文 DnD fixture › keeps the mobile workbench readable and its states explicit
[558/576] [mobile-webkit] › e2e/dnd-splitter.spec.ts:462:7 › QG2 中文 DnD fixture › keeps item content scrollable during scripted touch events in mobile WebKit while only the handle disables touch gestures
[559/576] [mobile-webkit] › e2e/dnd-splitter.spec.ts:526:7 › QG2 中文 DnD fixture › auto-scrolls a nested region and cancels without moving
[560/576] [mobile-webkit] › e2e/dnd-splitter.spec.ts:549:7 › QG2 中文 DnD fixture › hands auto-scroll from an exhausted inner region to its outer ancestor
[561/576] [mobile-webkit] › e2e/dnd-splitter.spec.ts:573:7 › QG2 中文 DnD fixture › unmounts and remounts without stale drag state
[562/576] [mobile-webkit] › e2e/dnd-splitter.spec.ts:606:7 › QG2 中文 Splitter fixture › renders horizontal, vertical, and three-panel splitters with state output
[563/576] [mobile-webkit] › e2e/dnd-splitter.spec.ts:664:7 › QG2 中文 Splitter fixture › enforces percentage bounds and recomputes them after container resize
[564/576] [mobile-webkit] › e2e/dnd-splitter.spec.ts:687:7 › QG2 中文 Splitter fixture › keeps lazy values unchanged while dragging and commits on pointerup
[565/576] [mobile-webkit] › e2e/dnd-splitter.spec.ts:712:7 › QG2 中文 Splitter fixture › commits lazy values after a trusted Chromium touch sequence
[566/576] [mobile-webkit] › e2e/dnd-splitter.spec.ts:747:7 › QG2 中文 Splitter fixture › runs the lazy touch state machine with scripted PointerEvents in mobile WebKit
[567/576] [mobile-webkit] › e2e/dnd-splitter.spec.ts:780:7 › QG2 中文 Splitter fixture › drags across the iframe and restores the document after pointerup
[568/576] [mobile-webkit] › e2e/dnd-splitter.spec.ts:802:7 › QG2 中文 Splitter fixture › cleans up on pointercancel and commits a subsequent pointer drag
[569/576] [mobile-webkit] › e2e/dnd-splitter.spec.ts:836:7 › QG2 中文 Splitter fixture › cancels on window blur and cleans up when unmounted during a resize
[570/576] [mobile-webkit] › e2e/dnd-splitter.spec.ts:860:7 › QG2 中文 Splitter fixture › cleans global drag state when navigating between Splitter and DnD
[571/576] [mobile-webkit] › e2e/dnd-splitter.spec.ts:898:7 › QG2 中文 Splitter fixture › navigates between DnD and Splitter through the real sidebar without runtime errors
[572/576] [mobile-webkit] › e2e/dnd-splitter.spec.ts:920:7 › QG2 中文 Splitter fixture › updates from external InputNumber and keeps a visible iframe in the splitter
[573/576] [mobile-webkit] › e2e/dnd-splitter.spec.ts:930:7 › QG2 中文 Splitter fixture › clamps mobile external sizes to the measured splitter container
[574/576] [mobile-webkit] › e2e/dnd-splitter.spec.ts:963:7 › QG2 中文 Splitter fixture › renders the panel API table and keeps mobile controlled sizes inside the fixture
[575/576] [mobile-webkit] › e2e/dnd-splitter.spec.ts:973:7 › QG2 中文 Splitter fixture › cleans up and remounts the splitter demos
[576/576] [mobile-webkit] › e2e/form-engine.spec.ts:3:5 › account form validates dependencies and recovers from server field errors
  127 skipped
  449 passed (7.1m)
