
[WebServer] (node:63594) Warning: The 'NO_COLOR' env is ignored due to the 'FORCE_COLOR' env being set.
[WebServer] (Use `node --trace-warnings ...` to show where the warning was created)

[WebServer] (node:63605) Warning: The 'NO_COLOR' env is ignored due to the 'FORCE_COLOR' env being set.
[WebServer] (Use `node --trace-warnings ...` to show where the warning was created)

[WebServer] (node:63619) Warning: The 'NO_COLOR' env is ignored due to the 'FORCE_COLOR' env being set.
[WebServer] (Use `node --trace-warnings ...` to show where the warning was created)

[WebServer] - building client + server bundles...

[WebServer] 
[WebServer] (!) Some chunks are larger than 500 kB after minification. Consider:
[WebServer] - Using dynamic import() to code-split the application
[WebServer] - Use build.rollupOptions.output.manualChunks to improve chunking: https://rollupjs.org/configuration-options/#output-manualchunks
[WebServer] - Adjust chunk size limit for this warning via build.chunkSizeWarningLimit.

[WebServer] ✓ building client + server bundles...

[WebServer] - rendering pages...

[WebServer] ✓ rendering pages...

[WebServer] (node:64384) Warning: The 'NO_COLOR' env is ignored due to the 'FORCE_COLOR' env being set.
[WebServer] (Use `node --trace-warnings ...` to show where the warning was created)

[WebServer] (node:64398) Warning: The 'NO_COLOR' env is ignored due to the 'FORCE_COLOR' env being set.
[WebServer] (Use `node --trace-warnings ...` to show where the warning was created)

Running 25 tests using 5 workers


(node:64412) Warning: The 'NO_COLOR' env is ignored due to the 'FORCE_COLOR' env being set.
(Use `node --trace-warnings ...` to show where the warning was created)


(node:64410) Warning: The 'NO_COLOR' env is ignored due to the 'FORCE_COLOR' env being set.
(Use `node --trace-warnings ...` to show where the warning was created)


(node:64411) Warning: The 'NO_COLOR' env is ignored due to the 'FORCE_COLOR' env being set.
(Use `node --trace-warnings ...` to show where the warning was created)


(node:64413) Warning: The 'NO_COLOR' env is ignored due to the 'FORCE_COLOR' env being set.
(Use `node --trace-warnings ...` to show where the warning was created)


(node:64409) Warning: The 'NO_COLOR' env is ignored due to the 'FORCE_COLOR' env being set.
(Use `node --trace-warnings ...` to show where the warning was created)

[1/25] [desktop] › e2e/d4-select-virtual.spec.ts:28:5 › Select virtual remeasures wrapping width and font changes without clipping active content
[2/25] [mobile-webkit] › e2e/d4-select-virtual.spec.ts:28:5 › Select virtual remeasures wrapping width and font changes without clipping active content
[3/25] [desktop-firefox] › e2e/d4-select-virtual.spec.ts:28:5 › Select virtual remeasures wrapping width and font changes without clipping active content
[4/25] [mobile] › e2e/d4-select-virtual.spec.ts:28:5 › Select virtual remeasures wrapping width and font changes without clipping active content
[5/25] [desktop-webkit] › e2e/d4-select-virtual.spec.ts:28:5 › Select virtual remeasures wrapping width and font changes without clipping active content
[6/25] [mobile-webkit] › e2e/d4-select-virtual.spec.ts:52:5 › Select virtual preserves stable middle keys through insertion deletion reorder and active removal
[7/25] [desktop-webkit] › e2e/d4-select-virtual.spec.ts:52:5 › Select virtual preserves stable middle keys through insertion deletion reorder and active removal
[8/25] [desktop] › e2e/d4-select-virtual.spec.ts:52:5 › Select virtual preserves stable middle keys through insertion deletion reorder and active removal
[9/25] [mobile] › e2e/d4-select-virtual.spec.ts:52:5 › Select virtual preserves stable middle keys through insertion deletion reorder and active removal
[10/25] [mobile-webkit] › e2e/d4-select-virtual.spec.ts:77:5 › Select virtual no-results message remains visible and search can recover
[11/25] [desktop-webkit] › e2e/d4-select-virtual.spec.ts:77:5 › Select virtual no-results message remains visible and search can recover
[12/25] [mobile-webkit] › e2e/d4-select-virtual.spec.ts:110:5 › Select virtual tail, disabled navigation, dynamic height and scroll anchoring
[13/25] [desktop-webkit] › e2e/d4-select-virtual.spec.ts:110:5 › Select virtual tail, disabled navigation, dynamic height and scroll anchoring
[14/25] [desktop] › e2e/d4-select-virtual.spec.ts:77:5 › Select virtual no-results message remains visible and search can recover
[15/25] [mobile] › e2e/d4-select-virtual.spec.ts:77:5 › Select virtual no-results message remains visible and search can recover
[16/25] [desktop-firefox] › e2e/d4-select-virtual.spec.ts:52:5 › Select virtual preserves stable middle keys through insertion deletion reorder and active removal
[17/25] [desktop-webkit] › e2e/d4-select-virtual.spec.ts:183:5 › Select virtual uses iframe realm and disposes after SPA unmount
[18/25] [mobile-webkit] › e2e/d4-select-virtual.spec.ts:183:5 › Select virtual uses iframe realm and disposes after SPA unmount
[19/25] [desktop] › e2e/d4-select-virtual.spec.ts:110:5 › Select virtual tail, disabled navigation, dynamic height and scroll anchoring
[20/25] [mobile] › e2e/d4-select-virtual.spec.ts:110:5 › Select virtual tail, disabled navigation, dynamic height and scroll anchoring
[21/25] [desktop-firefox] › e2e/d4-select-virtual.spec.ts:77:5 › Select virtual no-results message remains visible and search can recover
[22/25] [desktop] › e2e/d4-select-virtual.spec.ts:183:5 › Select virtual uses iframe realm and disposes after SPA unmount
[23/25] [desktop-firefox] › e2e/d4-select-virtual.spec.ts:110:5 › Select virtual tail, disabled navigation, dynamic height and scroll anchoring
[24/25] [mobile] › e2e/d4-select-virtual.spec.ts:183:5 › Select virtual uses iframe realm and disposes after SPA unmount
[25/25] [desktop-firefox] › e2e/d4-select-virtual.spec.ts:183:5 › Select virtual uses iframe realm and disposes after SPA unmount
  25 passed (37.5s)
