
[WebServer] (node:44767) Warning: The 'NO_COLOR' env is ignored due to the 'FORCE_COLOR' env being set.
[WebServer] (Use `node --trace-warnings ...` to show where the warning was created)

[WebServer] (node:44780) Warning: The 'NO_COLOR' env is ignored due to the 'FORCE_COLOR' env being set.
[WebServer] (Use `node --trace-warnings ...` to show where the warning was created)

[WebServer] (node:44794) Warning: The 'NO_COLOR' env is ignored due to the 'FORCE_COLOR' env being set.
[WebServer] (Use `node --trace-warnings ...` to show where the warning was created)

[WebServer] - building client + server bundles...

[WebServer] 
[WebServer] (!) Some chunks are larger than 500 kB after minification. Consider:
[WebServer] - Using dynamic import() to code-split the application
[WebServer] - Use build.rollupOptions.output.manualChunks to improve chunking: https://rollupjs.org/configuration-options/#output-manualchunks
[WebServer] - Adjust chunk size limit for this warning via build.chunkSizeWarningLimit.

[WebServer] ✓ building client + server bundles...

[WebServer] - rendering pages...

[WebServer] ✓ rendering pages...

[WebServer] (node:45633) Warning: The 'NO_COLOR' env is ignored due to the 'FORCE_COLOR' env being set.
[WebServer] (Use `node --trace-warnings ...` to show where the warning was created)

[WebServer] (node:45644) Warning: The 'NO_COLOR' env is ignored due to the 'FORCE_COLOR' env being set.
[WebServer] (Use `node --trace-warnings ...` to show where the warning was created)

Running 5 tests using 1 worker


(node:45658) Warning: The 'NO_COLOR' env is ignored due to the 'FORCE_COLOR' env being set.
(Use `node --trace-warnings ...` to show where the warning was created)

[1/5] [desktop] › e2e/d7-dnd.spec.ts:62:7 › D7 DnD browser contract › generic Draggable and DropZone support keyboard grab, compatible drop, mismatch, disabled target, and Escape restore
[2/5] [desktop] › e2e/d7-dnd.spec.ts:106:7 › D7 DnD browser contract › SortableList rejects stale revision, reports stable event payload, and rolls back a one-sided parent rejection
[3/5] [desktop] › e2e/d7-dnd.spec.ts:146:7 › D7 DnD browser contract › scopeKey navigation cancels a keyboard session and pending sortable work
[4/5] [desktop] › e2e/d7-dnd.spec.ts:158:7 › D7 DnD browser contract › iframe owner realm performs nested auto-scroll and releases on frame detach
[5/5] [desktop] › e2e/d7-dnd.spec.ts:189:7 › D7 DnD browser contract › desktop and mobile layouts remain within the viewport with zero runtime errors
  5 passed (16.4s)
