✔ temporary gate repository pins the workspace package manager (70.822959ms)
✔ real orchestration runs both builds with the installed workspace pnpm while Corepack is cold and offline (804.118958ms)
✔ snapshots every file in all generated directories with relative paths and SHA-256 (4.106542ms)
✔ identical snapshots produce no differences regardless of insertion order (0.178709ms)
✔ identifies added, removed, and changed files in deterministic order (0.097917ms)
✔ mismatched snapshots throw a readable status report with paths (0.215125ms)
✔ preflight rejects a staged change even when the worktree is restored to HEAD (114.754083ms)
✔ preflight rejects a staged new file before a build can delete it (111.053042ms)
✔ preflight rejects an ignored generated file before a build can delete it (117.914417ms)
✔ writes sorted SHA-256 manifests and a readable comparison when builds differ (648.962791ms)
✔ persists and tees build 1 stdout, stderr, exit status, and accurate failure stage (418.387917ms)
✔ persists and tees build 2 failure after recording the completed first build (731.049042ms)
✔ reports snapshot 1 capture failure after build 1 completes successfully (403.362709ms)
✔ reports snapshot 2 capture failure after both builds complete successfully (642.460167ms)
✔ preserves split UTF-8 stdout and stderr in both terminal mirror and artifacts (211.827667ms)
✔ reports postflight failure after two matching snapshots and preserves both build results (680.9515ms)
✔ accepts an empty generated-file list (1.145542ms)
✔ rejects untracked generated files (2.833541ms)
✔ rejects staged tracked changes in generated directories (134.195375ms)
✔ rejects unstaged tracked changes in generated directories (157.52825ms)
✔ rejects ignored untracked files in generated directories (93.9865ms)
✔ uploads both tracked diff layers and build manifests on build gate failure (1.207375ms)
✔ keeps the quality plan entry point aligned with the four-role gate (0.093417ms)
✔ retains uniquely named e2e evidence for successful and failed runs (0.148542ms)
✔ runs QG5 production specs in independent browser project shards (0.138125ms)
✔ always uploads per-project QG5 Playwright evidence with run identity (0.294166ms)
✔ allows repeatable QG5 baseline collection on master without weakening push and PR checks (0.104917ms)
✔ exposes dedicated QG5 evidence commands without adding them to the ordinary unit test entry point (0.303292ms)
✔ Chinese docs shell and component status copy stay localized (11.620459ms)
✔ DnD docs use visible handles and assign physical iOS touch evidence to QG5 (4.79075ms)
✔ D2 overlay helpers stay internal and ship paired ESM and CommonJS files (0.876916ms)
✔ components loads through ESM and CommonJS entrypoints (214.1445ms)
✔ dnd loads through ESM and CommonJS entrypoints (31.978958ms)
✔ ai loads through ESM and CommonJS entrypoints (14.395709ms)
✔ dnd package exports resolve consumer types for business records and standalone values (692.04525ms)
✔ Pages deploys only an exact master SHA whose CI workflow succeeded (9.063625ms)
✔ picker core loads through native ESM with external Dayjs plugins (20.080125ms)
✔ public picker types do not expose internal Dayjs helpers (0.603834ms)
✔ builds the docs and serves the production preview on the requested port (0.560709ms)
✔ uses AHEART_E2E_PORT with 5173 as the default everywhere (0.140375ms)
✔ never reuses an unknown local server for production verification (0.054375ms)
✔ runs the QG5 production suite in Firefox, desktop WebKit, and mobile WebKit (1.485ms)
✔ gives the production preview enough time to build before readiness checks (0.206042ms)
✔ retains failure diagnostics and uses the HTML reporter (0.248542ms)
✔ disables the macOS system proxy for local Firefox verification (0.273041ms)
✔ CI installs all browsers and uploads test results and the Playwright report (0.831375ms)
✔ documents physical iOS Safari evidence without equating it to mobile WebKit automation (0.438375ms)
✔ documents the two-stage master stability gate and exposes the guide in Chinese navigation (0.067459ms)
✔ describes always-retained and failure-only browser evidence accurately (0.101083ms)
✔ accepts complete physical iOS Safari evidence bound to the reviewed commit (15.415334ms)
✔ rejects simulator and scripted touch evidence (2.234708ms)
✔ rejects evidence for another commit and missing artifact integrity (4.375375ms)
✔ rejects incomplete observable task outcomes (1.46725ms)
✔ requires before and after screenshots plus a session video for every physical task (1.299208ms)
✔ rejects duplicate before and after media references (1.764958ms)
✔ rejects symlinks that can escape the evidence directory (2.787125ms)
✔ binds evidence to the expected repository and branch (2.581833ms)
✔ rejects artifact MIME metadata that does not match its evidence kind and extension (1.52875ms)
✔ rejects evidence IDs that can escape the JSON evidence directory (2.570709ms)
✔ normalizes GitHub workflow runs and preserves every attempt for flaky detection (2.970167ms)
✔ keeps missing QG5 project evidence observable instead of silently dropping a run (0.129ms)
✔ collects paginated runs and jobs while filtering to the requested master SHA (0.317584ms)
✔ retries transient GitHub failures with a bounded attempt count (4.674083ms)
✔ accepts ten consecutive healthy master runs with zero flaky reruns (6.512ms)
✔ rejects an insufficient post-QG5 master window (0.59925ms)
✔ rejects a run with a missing or failed browser project (0.617459ms)
✔ counts a failed attempt followed by success as one flaky run (0.703792ms)
✔ filters non-master and pre-QG5 runs instead of treating them as passing evidence (0.495333ms)
✔ rejects incomplete historical attempts instead of hiding them as stable (0.682208ms)
✔ only accepts runs for the expected master SHA (0.221042ms)
✔ rejects duplicate or non-contiguous attempt numbers (0.795208ms)
✔ QG5 production suite guards resources, hydration, overlays, and viewport containment (0.908541ms)
✔ collects production errors through a teardown fixture that always attaches evidence (0.477583ms)
✔ settles prefetch work before navigation and never hides generic cancelled resource failures (0.304875ms)
✔ quality matrix registers every Ready component exactly once with release evidence (180.077125ms)
✔ QG4 matrix records only component-specific accessibility and visual evidence (3.778541ms)
✔ quality matrix uses the planned mutually exclusive risk mapping (0.263375ms)
✔ R1 records have current component evidence and product task metadata (0.17775ms)
✔ pull request template requires product task and quality matrix review (0.643125ms)
✔ accepts a complete packed package contract (1.914041ms)
✔ reports missing public metadata and required files (0.243458ms)
✔ rejects unresolved workspace dependency protocols (0.197208ms)
✔ rejects unexpected packed dependency ranges (0.206417ms)
✔ rejects Pragmatic DnD auto-scroll dependency drift (0.251333ms)
✔ rejects source and test files from the tarball (0.130458ms)
✔ D1 state helpers stay internal and ship paired ESM and CommonJS files (0.683875ms)
ℹ tests 86
ℹ suites 0
ℹ pass 86
ℹ fail 0
ℹ cancelled 0
ℹ skipped 0
ℹ todo 0
ℹ duration_ms 5357.574792
