✔ temporary gate repository pins the workspace package manager (58.578ms)
✔ real orchestration runs both builds with the installed workspace pnpm while Corepack is cold and offline (766.164416ms)
✔ snapshots every file in all generated directories with relative paths and SHA-256 (4.286583ms)
✔ identical snapshots produce no differences regardless of insertion order (0.171875ms)
✔ identifies added, removed, and changed files in deterministic order (0.102625ms)
✔ mismatched snapshots throw a readable status report with paths (0.195375ms)
✔ preflight rejects a staged change even when the worktree is restored to HEAD (119.915ms)
✔ preflight rejects a staged new file before a build can delete it (113.907167ms)
✔ preflight rejects an ignored generated file before a build can delete it (118.478167ms)
✔ writes sorted SHA-256 manifests and a readable comparison when builds differ (661.967208ms)
✔ persists and tees build 1 stdout, stderr, exit status, and accurate failure stage (405.06375ms)
✔ persists and tees build 2 failure after recording the completed first build (666.396542ms)
✔ reports snapshot 1 capture failure after build 1 completes successfully (391.481209ms)
✔ reports snapshot 2 capture failure after both builds complete successfully (662.313625ms)
✔ preserves split UTF-8 stdout and stderr in both terminal mirror and artifacts (224.814375ms)
✔ reports postflight failure after two matching snapshots and preserves both build results (701.01025ms)
✔ accepts an empty generated-file list (0.985834ms)
✔ rejects untracked generated files (1.194458ms)
✔ rejects staged tracked changes in generated directories (103.868625ms)
✔ rejects unstaged tracked changes in generated directories (155.348625ms)
✔ rejects ignored untracked files in generated directories (118.289333ms)
✔ uploads both tracked diff layers and build manifests on build gate failure (1.161125ms)
✔ keeps the quality plan entry point aligned with the four-role gate (0.091ms)
✔ retains uniquely named e2e evidence for successful and failed runs (0.199208ms)
✔ runs QG5 production specs in independent browser project shards (0.16075ms)
✔ always uploads per-project QG5 Playwright evidence with run identity (0.073458ms)
✔ allows repeatable QG5 baseline collection on master without weakening push and PR checks (0.055542ms)
✔ exposes dedicated QG5 evidence commands without adding them to the ordinary unit test entry point (0.069458ms)
✔ Chinese docs shell and component status copy stay localized (15.51725ms)
✔ DnD docs use visible handles and assign physical iOS touch evidence to QG5 (0.833375ms)
✔ D2 overlay helpers stay internal and ship paired ESM and CommonJS files (0.88775ms)
✔ components loads through ESM and CommonJS entrypoints (206.806083ms)
✔ dnd loads through ESM and CommonJS entrypoints (24.836667ms)
✔ ai loads through ESM and CommonJS entrypoints (15.776417ms)
✔ dnd package exports resolve consumer types for business records and standalone values (948.061875ms)
✔ Pages deploys only an exact master SHA whose CI workflow succeeded (4.397042ms)
✔ picker core loads through native ESM with external Dayjs plugins (14.229083ms)
✔ public picker types do not expose internal Dayjs helpers (0.563917ms)
✔ builds the docs and serves the production preview on the requested port (0.469542ms)
✔ uses AHEART_E2E_PORT with 5173 as the default everywhere (0.542208ms)
✔ never reuses an unknown local server for production verification (0.367083ms)
✔ runs the QG5 production suite in Firefox, desktop WebKit, and mobile WebKit (1.321875ms)
✔ gives the production preview enough time to build before readiness checks (0.129667ms)
✔ retains failure diagnostics and uses the HTML reporter (0.124833ms)
✔ disables the macOS system proxy for local Firefox verification (0.10525ms)
✔ CI installs all browsers and uploads test results and the Playwright report (0.52825ms)
✔ documents physical iOS Safari evidence without equating it to mobile WebKit automation (2.376792ms)
✔ documents the two-stage master stability gate and exposes the guide in Chinese navigation (0.223917ms)
✔ describes always-retained and failure-only browser evidence accurately (0.374084ms)
✔ accepts complete physical iOS Safari evidence bound to the reviewed commit (19.043042ms)
✔ rejects simulator and scripted touch evidence (2.729083ms)
✔ rejects evidence for another commit and missing artifact integrity (5.172958ms)
✔ rejects incomplete observable task outcomes (2.379583ms)
✔ requires before and after screenshots plus a session video for every physical task (2.860709ms)
✔ rejects duplicate before and after media references (2.201333ms)
✔ rejects symlinks that can escape the evidence directory (3.183042ms)
✔ binds evidence to the expected repository and branch (2.370166ms)
✔ rejects artifact MIME metadata that does not match its evidence kind and extension (2.169834ms)
✔ rejects evidence IDs that can escape the JSON evidence directory (1.866ms)
✔ normalizes GitHub workflow runs and preserves every attempt for flaky detection (4.157709ms)
✔ keeps missing QG5 project evidence observable instead of silently dropping a run (0.124167ms)
✔ collects paginated runs and jobs while filtering to the requested master SHA (0.437459ms)
✔ retries transient GitHub failures with a bounded attempt count (6.653458ms)
✔ accepts ten consecutive healthy master runs with zero flaky reruns (7.205875ms)
✔ rejects an insufficient post-QG5 master window (0.558583ms)
✔ rejects a run with a missing or failed browser project (0.541208ms)
✔ counts a failed attempt followed by success as one flaky run (0.36075ms)
✔ filters non-master and pre-QG5 runs instead of treating them as passing evidence (0.222833ms)
✔ rejects incomplete historical attempts instead of hiding them as stable (0.181333ms)
✔ only accepts runs for the expected master SHA (0.087083ms)
✔ rejects duplicate or non-contiguous attempt numbers (0.388417ms)
✔ QG5 production suite guards resources, hydration, overlays, and viewport containment (0.716041ms)
✔ collects production errors through a teardown fixture that always attaches evidence (0.221125ms)
✔ settles prefetch work before navigation and never hides generic cancelled resource failures (0.100375ms)
✔ quality matrix registers every Ready component exactly once with release evidence (177.350958ms)
✔ QG4 matrix records only component-specific accessibility and visual evidence (2.802375ms)
✔ quality matrix uses the planned mutually exclusive risk mapping (0.371792ms)
✔ R1 records have current component evidence and product task metadata (0.2045ms)
✔ pull request template requires product task and quality matrix review (1.353291ms)
✔ accepts a complete packed package contract (1.707958ms)
✔ reports missing public metadata and required files (0.137ms)
✔ rejects unresolved workspace dependency protocols (0.071125ms)
✔ rejects unexpected packed dependency ranges (0.128708ms)
✔ rejects Pragmatic DnD auto-scroll dependency drift (0.107791ms)
✔ rejects source and test files from the tarball (0.061958ms)
✔ D1 state helpers stay internal and ship paired ESM and CommonJS files (1.2295ms)
ℹ tests 86
ℹ suites 0
ℹ pass 86
ℹ fail 0
ℹ cancelled 0
ℹ skipped 0
ℹ todo 0
ℹ duration_ms 5378.045625
